\BOOKMARK [1][-]{section.1}{\376\377\137\025\212\000}{}% 1
\BOOKMARK [1][-]{section.2}{\376\377\166\370\121\163\135\345\117\134}{}% 2
\BOOKMARK [2][-]{subsection.2.1}{\376\377\227\142\124\021\000\040\000L\000L\000M\000\040\166\204\000\040\000h\000a\000r\000n\000e\000s\000s\000\040\165\037\142\020}{section.2}% 3
\BOOKMARK [2][-]{subsection.2.2}{\376\377\000H\000a\000r\000n\000e\000s\000s\000\040\166\204\147\141\116\366\145\110\165\050\116\016\215\357\165\061}{section.2}% 4
\BOOKMARK [2][-]{subsection.2.3}{\376\377\000L\000L\000M\000\040\177\244\117\123\116\055\166\204\210\114\116\072\131\032\150\067\140\047}{section.2}% 5
\BOOKMARK [1][-]{section.3}{\376\377\000P\000h\000a\000s\000e\000\040\000I\377\032\155\113\221\317\116\016\213\312\145\255\127\115\177\051\377\010\123\321\163\260\140\047\170\024\172\166\377\011}{}% 6
\BOOKMARK [2][-]{subsection.3.1}{\376\377\000H\000a\000r\000n\000e\000s\000s\060\001\176\323\147\234\116\016\116\011\116\052\143\007\150\007}{section.3}% 7
\BOOKMARK [2][-]{subsection.3.2}{\376\377\127\115\177\051\166\204\221\317\123\026}{section.3}% 8
\BOOKMARK [2][-]{subsection.3.3}{\376\377\217\150\217\371\122\006\174\173\154\325\377\032\116\343\170\001\131\032\150\067\140\047\116\072\117\125\147\052\200\375\123\330\142\020\210\114\116\072\131\032\150\067\140\047}{section.3}% 9
\BOOKMARK [2][-]{subsection.3.4}{\376\377\116\272\174\173\153\143\143\247\122\066\377\032\000h\000e\000a\000d\000r\000o\000o\000m\000\040\146\057\133\130\127\050\166\204}{section.3}% 10
\BOOKMARK [2][-]{subsection.3.5}{\376\377\000P\000h\000a\000s\000e\000-\000I\000\040\123\117\213\256\143\242\224\210\123\312\121\166\134\100\226\120}{section.3}% 11
\BOOKMARK [1][-]{section.4}{\376\377\000P\000h\000a\000s\000e\000\040\000I\000I\377\032\170\156\213\301\140\047\165\037\142\020\170\024\172\166\377\010\213\276\213\241\377\011}{}% 12
\BOOKMARK [2][-]{subsection.4.1}{\376\377\213\276\213\241}{section.4}% 13
\BOOKMARK [2][-]{subsection.4.2}{\376\377\121\273\176\323\166\204\122\006\147\220\213\241\122\022}{section.4}% 14
\BOOKMARK [1][-]{section.5}{\376\377\000P\000h\000a\000s\000e\000\040\000I\000I\377\032\176\323\147\234}{}% 15
\BOOKMARK [2][-]{subsection.5.1}{\376\377\116\073\133\371\153\324\377\032\000f\000o\000r\000c\000e\000d\000+\000g\000a\000t\000e\000d\000\040\000v\000s\000.\000\040\000f\000r\000e\000e\000+\000u\000n\000g\000a\000t\000e\000d}{section.5}% 16
\BOOKMARK [2][-]{subsection.5.2}{\376\377\126\340\133\120\122\006\211\343\377\010\166\370\124\014\166\204\000\040\0004\0000\0000\000\040\147\141\150\070\137\303\147\141\166\356\377\011}{section.5}% 17
\BOOKMARK [2][-]{subsection.5.3}{\376\377\131\032\150\067\140\047\116\015\205\164\124\053\123\357\133\146\116\140\166\204\215\357\165\061}{section.5}% 18
\BOOKMARK [2][-]{subsection.5.4}{\376\377\143\242\175\042\140\047\377\032\213\345\155\113\221\317\116\300\116\110\377\014\213\345\116\072\116\300\116\110\200\014\220\011\142\351}{section.5}% 19
\BOOKMARK [1][-]{section.6}{\376\377\213\250\213\272}{}% 20
\BOOKMARK [1][-]{section.7}{\376\377\176\323\213\272}{}% 21
