[collect] 0 cells already recorded in ad_final1.jsonl
[collect] 1169 tasks over 9 databases | target=GLM-5.3-Flash
    p2_D_minimax_s1_vote3: 100/1169 acc=0.290
    p2_D_minimax_s1_vote3: 200/1169 acc=0.435
    p2_D_minimax_s1_vote3: 300/1169 acc=0.460
    p2_D_minimax_s1_vote3: 400/1169 acc=0.417
    p2_D_minimax_s1_vote3: 500/1169 acc=0.434
    p2_D_minimax_s1_vote3: 600/1169 acc=0.418
    p2_D_minimax_s1_vote3: 700/1169 acc=0.391
    p2_D_minimax_s1_vote3: 800/1169 acc=0.404
    p2_D_minimax_s1_vote3: 900/1169 acc=0.413
    p2_D_minimax_s1_vote3: 1000/1169 acc=0.390
    p2_D_minimax_s1_vote3: 1100/1169 acc=0.382
  [done] p2_D_minimax_s1_vote3: official_acc=0.375 on 1169 new cells
    p2_D_minimax_s2_error_classify: 100/1169 acc=0.590
    p2_D_minimax_s2_error_classify: 200/1169 acc=0.630
    p2_D_minimax_s2_error_classify: 300/1169 acc=0.637
    p2_D_minimax_s2_error_classify: 400/1169 acc=0.640
    p2_D_minimax_s2_error_classify: 500/1169 acc=0.654
    p2_D_minimax_s2_error_classify: 600/1169 acc=0.657
    p2_D_minimax_s2_error_classify: 700/1169 acc=0.677
    p2_D_minimax_s2_error_classify: 800/1169 acc=0.694
    p2_D_minimax_s2_error_classify: 900/1169 acc=0.700
    p2_D_minimax_s2_error_classify: 1000/1169 acc=0.681
    p2_D_minimax_s2_error_classify: 1100/1169 acc=0.673
  [done] p2_D_minimax_s2_error_classify: official_acc=0.669 on 1169 new cells
    p2_D_qwen_s0_repair: 100/1169 acc=0.560
    p2_D_qwen_s0_repair: 200/1169 acc=0.615
    p2_D_qwen_s0_repair: 300/1169 acc=0.630
    p2_D_qwen_s0_repair: 400/1169 acc=0.640
    p2_D_qwen_s0_repair: 500/1169 acc=0.654
    p2_D_qwen_s0_repair: 600/1169 acc=0.650
    p2_D_qwen_s0_repair: 700/1169 acc=0.670
    p2_D_qwen_s0_repair: 800/1169 acc=0.686
    p2_D_qwen_s0_repair: 900/1169 acc=0.693
    p2_D_qwen_s0_repair: 1000/1169 acc=0.671
    p2_D_qwen_s0_repair: 1100/1169 acc=0.660
  [done] p2_D_qwen_s0_repair: official_acc=0.654 on 1169 new cells
    p2_D_qwen_s0_vote3: 100/1169 acc=0.590
    p2_D_qwen_s0_vote3: 200/1169 acc=0.630
    p2_D_qwen_s0_vote3: 300/1169 acc=0.637
    p2_D_qwen_s0_vote3: 400/1169 acc=0.647
    p2_D_qwen_s0_vote3: 500/1169 acc=0.654
    p2_D_qwen_s0_vote3: 600/1169 acc=0.653
    p2_D_qwen_s0_vote3: 700/1169 acc=0.677
    p2_D_qwen_s0_vote3: 800/1169 acc=0.699
    p2_D_qwen_s0_vote3: 900/1169 acc=0.706
    p2_D_qwen_s0_vote3: 1000/1169 acc=0.682
    p2_D_qwen_s0_vote3: 1100/1169 acc=0.673
  [done] p2_D_qwen_s0_vote3: official_acc=0.669 on 1169 new cells
    p2_D_qwen_s1_repair: 100/1169 acc=0.550
    p2_D_qwen_s1_repair: 200/1169 acc=0.630
    p2_D_qwen_s1_repair: 300/1169 acc=0.663
    p2_D_qwen_s1_repair: 400/1169 acc=0.672
    p2_D_qwen_s1_repair: 500/1169 acc=0.674
    p2_D_qwen_s1_repair: 600/1169 acc=0.667
    p2_D_qwen_s1_repair: 700/1169 acc=0.690
    p2_D_qwen_s1_repair: 800/1169 acc=0.705
    p2_D_qwen_s1_repair: 900/1169 acc=0.713
    p2_D_qwen_s1_repair: 1000/1169 acc=0.696
    p2_D_qwen_s1_repair: 1100/1169 acc=0.685
  [done] p2_D_qwen_s1_repair: official_acc=0.684 on 1169 new cells
[collect] wrote E:\projects\AI4AI-Harness\artifacts\phase2\ad_final1.jsonl
