[collect] 32432 cells already recorded in ad_boost_A1.jsonl
[collect] 1169 tasks over 9 databases | target=GLM-5.3-Flash
  [have] p2_A_deepseek_s1_g0: complete
  [have] p2_A_deepseek_s1_g1: complete
  [have] p2_A_deepseek_s1_g2: complete
  [have] p2_A_deepseek_s1_g3: complete
  [have] p2_A_deepseek_s1_g4: complete
  [have] p2_A_deepseek_s1_g5: complete
  [have] p2_A_deepseek_s1_g6: complete
  [have] p2_A_deepseek_s1_g7: complete
  [have] p2_A_deepseek_s2_g0: complete
  [have] p2_A_deepseek_s2_g1: complete
  [have] p2_A_deepseek_s2_g2: complete
  [have] p2_A_deepseek_s2_g3: complete
  [have] p2_A_deepseek_s2_g4: complete
  [have] p2_A_deepseek_s2_g5: complete
  [have] p2_A_deepseek_s2_g6: complete
  [have] p2_A_deepseek_s2_g7: complete
  [have] p2_A_ernie_s1_g0: complete
  [have] p2_A_ernie_s1_g1: complete
  [have] p2_A_ernie_s1_g2: complete
  [have] p2_A_ernie_s1_g3: complete
  [have] p2_A_ernie_s1_g4: complete
  [have] p2_A_ernie_s1_g5: complete
  [have] p2_A_ernie_s1_g6: complete
  [have] p2_A_ernie_s1_g7: complete
  [have] p2_A_ernie_s2_g0: complete
  [have] p2_A_ernie_s2_g1: complete
  [have] p2_A_ernie_s2_g2: complete
    p2_A_ernie_s2_g4: 100/300 acc=0.520
    p2_A_ernie_s2_g4: 200/300 acc=0.530
    p2_A_ernie_s2_g4: 300/300 acc=0.540
  [done] p2_A_ernie_s2_g4: official_acc=0.540 on 300 new cells
    p2_A_ernie_s2_g5: 100/1169 acc=0.520
    p2_A_ernie_s2_g5: 200/1169 acc=0.600
    p2_A_ernie_s2_g5: 300/1169 acc=0.617
    p2_A_ernie_s2_g5: 400/1169 acc=0.632
    p2_A_ernie_s2_g5: 500/1169 acc=0.646
    p2_A_ernie_s2_g5: 600/1169 acc=0.638
    p2_A_ernie_s2_g5: 700/1169 acc=0.660
    p2_A_ernie_s2_g5: 800/1169 acc=0.684
    p2_A_ernie_s2_g5: 900/1169 acc=0.692
    p2_A_ernie_s2_g5: 1000/1169 acc=0.672
    p2_A_ernie_s2_g5: 1100/1169 acc=0.661
  [done] p2_A_ernie_s2_g5: official_acc=0.654 on 1169 new cells
    p2_A_ernie_s2_g6: 100/1169 acc=0.560
    p2_A_ernie_s2_g6: 200/1169 acc=0.605
    p2_A_ernie_s2_g6: 300/1169 acc=0.637
    p2_A_ernie_s2_g6: 400/1169 acc=0.632
    p2_A_ernie_s2_g6: 500/1169 acc=0.656
    p2_A_ernie_s2_g6: 600/1169 acc=0.658
    p2_A_ernie_s2_g6: 700/1169 acc=0.667
    p2_A_ernie_s2_g6: 800/1169 acc=0.695
    p2_A_ernie_s2_g6: 900/1169 acc=0.694
    p2_A_ernie_s2_g6: 1000/1169 acc=0.677
    p2_A_ernie_s2_g6: 1100/1169 acc=0.675
  [done] p2_A_ernie_s2_g6: official_acc=0.666 on 1169 new cells
    p2_A_ernie_s2_g7: 100/1169 acc=0.580
    p2_A_ernie_s2_g7: 200/1169 acc=0.625
    p2_A_ernie_s2_g7: 300/1169 acc=0.640
    p2_A_ernie_s2_g7: 400/1169 acc=0.647
    p2_A_ernie_s2_g7: 500/1169 acc=0.652
    p2_A_ernie_s2_g7: 600/1169 acc=0.643
    p2_A_ernie_s2_g7: 700/1169 acc=0.664
    p2_A_ernie_s2_g7: 800/1169 acc=0.682
    p2_A_ernie_s2_g7: 900/1169 acc=0.698
