[collect] 1201 cells already recorded in bc_boost2.jsonl
[collect] 400 tasks over 9 databases | target=GLM-5.3-Flash
  [have] p2_B_qwen_s0_g5: complete
  [have] p2_B_qwen_s1_g1: complete
  [have] p2_B_qwen_s1_g6: complete
    p2_B_qwen_s1_g7: 100/399 acc=0.600
    p2_B_qwen_s1_g7: 200/399 acc=0.610
    p2_B_qwen_s1_g7: 300/399 acc=0.673
  [done] p2_B_qwen_s1_g7: official_acc=0.629 on 399 new cells
    p2_B_qwen_s2_g3: 100/400 acc=0.600
    p2_B_qwen_s2_g3: 200/400 acc=0.600
    p2_B_qwen_s2_g3: 300/400 acc=0.677
    p2_B_qwen_s2_g3: 400/400 acc=0.627
  [done] p2_B_qwen_s2_g3: official_acc=0.627 on 400 new cells
    p2_C_deepseek_s0_error_classify: 100/400 acc=0.680
    p2_C_deepseek_s0_error_classify: 200/400 acc=0.660
    p2_C_deepseek_s0_error_classify: 300/400 acc=0.703
    p2_C_deepseek_s0_error_classify: 400/400 acc=0.647
  [done] p2_C_deepseek_s0_error_classify: official_acc=0.647 on 400 new cells
    p2_C_deepseek_s0_hint_guard: 100/400 acc=0.580
    p2_C_deepseek_s0_hint_guard: 200/400 acc=0.605
    p2_C_deepseek_s0_hint_guard: 300/400 acc=0.660
    p2_C_deepseek_s0_hint_guard: 400/400 acc=0.605
  [done] p2_C_deepseek_s0_hint_guard: official_acc=0.605 on 400 new cells
    p2_C_deepseek_s0_repair: 100/400 acc=0.620
    p2_C_deepseek_s0_repair: 200/400 acc=0.640
    p2_C_deepseek_s0_repair: 300/400 acc=0.697
    p2_C_deepseek_s0_repair: 400/400 acc=0.645
  [done] p2_C_deepseek_s0_repair: official_acc=0.645 on 400 new cells
    p2_C_deepseek_s0_two_view: 100/400 acc=0.560
    p2_C_deepseek_s0_two_view: 200/400 acc=0.600
    p2_C_deepseek_s0_two_view: 300/400 acc=0.657
    p2_C_deepseek_s0_two_view: 400/400 acc=0.610
  [done] p2_C_deepseek_s0_two_view: official_acc=0.610 on 400 new cells
    p2_C_deepseek_s0_vote3: 100/400 acc=0.630
    p2_C_deepseek_s0_vote3: 200/400 acc=0.625
    p2_C_deepseek_s0_vote3: 300/400 acc=0.663
    p2_C_deepseek_s0_vote3: 400/400 acc=0.610
  [done] p2_C_deepseek_s0_vote3: official_acc=0.610 on 400 new cells
    p2_C_deepseek_s1_decompose: 100/400 acc=0.570
    p2_C_deepseek_s1_decompose: 200/400 acc=0.575
    p2_C_deepseek_s1_decompose: 300/400 acc=0.647
    p2_C_deepseek_s1_decompose: 400/400 acc=0.593
  [done] p2_C_deepseek_s1_decompose: official_acc=0.593 on 400 new cells
    p2_C_deepseek_s1_error_classify: 100/400 acc=0.690
    p2_C_deepseek_s1_error_classify: 200/400 acc=0.640
    p2_C_deepseek_s1_error_classify: 300/400 acc=0.700
    p2_C_deepseek_s1_error_classify: 400/400 acc=0.642
  [done] p2_C_deepseek_s1_error_classify: official_acc=0.642 on 400 new cells
    p2_C_deepseek_s1_hint_guard: 100/400 acc=0.540
    p2_C_deepseek_s1_hint_guard: 200/400 acc=0.585
    p2_C_deepseek_s1_hint_guard: 300/400 acc=0.653
    p2_C_deepseek_s1_hint_guard: 400/400 acc=0.610
  [done] p2_C_deepseek_s1_hint_guard: official_acc=0.610 on 400 new cells
    p2_C_deepseek_s1_repair: 100/400 acc=0.630
    p2_C_deepseek_s1_repair: 200/400 acc=0.635
    p2_C_deepseek_s1_repair: 300/400 acc=0.697
    p2_C_deepseek_s1_repair: 400/400 acc=0.645
  [done] p2_C_deepseek_s1_repair: official_acc=0.645 on 400 new cells
    p2_C_deepseek_s1_schema_link: 100/400 acc=0.650
    p2_C_deepseek_s1_schema_link: 200/400 acc=0.645
    p2_C_deepseek_s1_schema_link: 300/400 acc=0.697
    p2_C_deepseek_s1_schema_link: 400/400 acc=0.637
  [done] p2_C_deepseek_s1_schema_link: official_acc=0.637 on 400 new cells
    p2_C_deepseek_s1_two_view: 100/400 acc=0.620
    p2_C_deepseek_s1_two_view: 200/400 acc=0.615
    p2_C_deepseek_s1_two_view: 300/400 acc=0.677
    p2_C_deepseek_s1_two_view: 400/400 acc=0.623
  [done] p2_C_deepseek_s1_two_view: official_acc=0.623 on 400 new cells
    p2_C_deepseek_s1_vote3: 100/400 acc=0.580
    p2_C_deepseek_s1_vote3: 200/400 acc=0.600
    p2_C_deepseek_s1_vote3: 300/400 acc=0.653
    p2_C_deepseek_s1_vote3: 400/400 acc=0.615
  [done] p2_C_deepseek_s1_vote3: official_acc=0.615 on 400 new cells
    p2_C_deepseek_s2_decompose: 100/400 acc=0.600
    p2_C_deepseek_s2_decompose: 200/400 acc=0.610
    p2_C_deepseek_s2_decompose: 300/400 acc=0.657
    p2_C_deepseek_s2_decompose: 400/400 acc=0.595
  [done] p2_C_deepseek_s2_decompose: official_acc=0.595 on 400 new cells
    p2_C_deepseek_s2_error_classify: 100/400 acc=0.650
    p2_C_deepseek_s2_error_classify: 200/400 acc=0.625
    p2_C_deepseek_s2_error_classify: 300/400 acc=0.697
    p2_C_deepseek_s2_error_classify: 400/400 acc=0.647
  [done] p2_C_deepseek_s2_error_classify: official_acc=0.647 on 400 new cells
    p2_C_deepseek_s2_hint_guard: 100/400 acc=0.570
    p2_C_deepseek_s2_hint_guard: 200/400 acc=0.590
    p2_C_deepseek_s2_hint_guard: 300/400 acc=0.653
    p2_C_deepseek_s2_hint_guard: 400/400 acc=0.603
  [done] p2_C_deepseek_s2_hint_guard: official_acc=0.603 on 400 new cells
    p2_C_deepseek_s2_repair: 100/400 acc=0.660
    p2_C_deepseek_s2_repair: 200/400 acc=0.660
    p2_C_deepseek_s2_repair: 300/400 acc=0.710
    p2_C_deepseek_s2_repair: 400/400 acc=0.652
  [done] p2_C_deepseek_s2_repair: official_acc=0.652 on 400 new cells
    p2_C_deepseek_s2_schema_link: 100/400 acc=0.610
    p2_C_deepseek_s2_schema_link: 200/400 acc=0.610
    p2_C_deepseek_s2_schema_link: 300/400 acc=0.670
    p2_C_deepseek_s2_schema_link: 400/400 acc=0.627
  [done] p2_C_deepseek_s2_schema_link: official_acc=0.627 on 400 new cells
    p2_C_deepseek_s2_two_view: 100/400 acc=0.570
    p2_C_deepseek_s2_two_view: 200/400 acc=0.580
    p2_C_deepseek_s2_two_view: 300/400 acc=0.640
    p2_C_deepseek_s2_two_view: 400/400 acc=0.588
  [done] p2_C_deepseek_s2_two_view: official_acc=0.588 on 400 new cells
    p2_C_deepseek_s2_vote3: 100/400 acc=0.590
    p2_C_deepseek_s2_vote3: 200/400 acc=0.605
    p2_C_deepseek_s2_vote3: 300/400 acc=0.667
    p2_C_deepseek_s2_vote3: 400/400 acc=0.625
  [done] p2_C_deepseek_s2_vote3: official_acc=0.625 on 400 new cells
    p2_C_ernie_s0_decompose: 100/400 acc=0.580
    p2_C_ernie_s0_decompose: 200/400 acc=0.565
    p2_C_ernie_s0_decompose: 300/400 acc=0.630
    p2_C_ernie_s0_decompose: 400/400 acc=0.573
  [done] p2_C_ernie_s0_decompose: official_acc=0.573 on 400 new cells
    p2_C_ernie_s0_error_classify: 100/400 acc=0.590
    p2_C_ernie_s0_error_classify: 200/400 acc=0.590
    p2_C_ernie_s0_error_classify: 300/400 acc=0.660
    p2_C_ernie_s0_error_classify: 400/400 acc=0.620
  [done] p2_C_ernie_s0_error_classify: official_acc=0.620 on 400 new cells
    p2_C_ernie_s0_hint_guard: 100/400 acc=0.510
    p2_C_ernie_s0_hint_guard: 200/400 acc=0.555
    p2_C_ernie_s0_hint_guard: 300/400 acc=0.617
    p2_C_ernie_s0_hint_guard: 400/400 acc=0.552
  [done] p2_C_ernie_s0_hint_guard: official_acc=0.552 on 400 new cells
    p2_C_ernie_s0_repair: 100/400 acc=0.600
    p2_C_ernie_s0_repair: 200/400 acc=0.605
    p2_C_ernie_s0_repair: 300/400 acc=0.663
    p2_C_ernie_s0_repair: 400/400 acc=0.610
  [done] p2_C_ernie_s0_repair: official_acc=0.610 on 400 new cells
    p2_C_ernie_s0_schema_link: 100/400 acc=0.590
    p2_C_ernie_s0_schema_link: 200/400 acc=0.615
    p2_C_ernie_s0_schema_link: 300/400 acc=0.683
    p2_C_ernie_s0_schema_link: 400/400 acc=0.640
  [done] p2_C_ernie_s0_schema_link: official_acc=0.640 on 400 new cells
    p2_C_ernie_s0_two_view: 100/400 acc=0.560
    p2_C_ernie_s0_two_view: 200/400 acc=0.575
    p2_C_ernie_s0_two_view: 300/400 acc=0.640
    p2_C_ernie_s0_two_view: 400/400 acc=0.590
  [done] p2_C_ernie_s0_two_view: official_acc=0.590 on 400 new cells
    p2_C_ernie_s0_vote3: 100/400 acc=0.630
    p2_C_ernie_s0_vote3: 200/400 acc=0.625
    p2_C_ernie_s0_vote3: 300/400 acc=0.693
    p2_C_ernie_s0_vote3: 400/400 acc=0.642
  [done] p2_C_ernie_s0_vote3: official_acc=0.642 on 400 new cells
    p2_C_ernie_s1_decompose: 100/400 acc=0.520
    p2_C_ernie_s1_decompose: 200/400 acc=0.535
    p2_C_ernie_s1_decompose: 300/400 acc=0.613
    p2_C_ernie_s1_decompose: 400/400 acc=0.552
  [done] p2_C_ernie_s1_decompose: official_acc=0.552 on 400 new cells
    p2_C_ernie_s1_error_classify: 100/400 acc=0.630
    p2_C_ernie_s1_error_classify: 200/400 acc=0.635
    p2_C_ernie_s1_error_classify: 300/400 acc=0.697
    p2_C_ernie_s1_error_classify: 400/400 acc=0.650
  [done] p2_C_ernie_s1_error_classify: official_acc=0.650 on 400 new cells
    p2_C_ernie_s1_hint_guard: 100/400 acc=0.600
    p2_C_ernie_s1_hint_guard: 200/400 acc=0.610
    p2_C_ernie_s1_hint_guard: 300/400 acc=0.660
    p2_C_ernie_s1_hint_guard: 400/400 acc=0.598
  [done] p2_C_ernie_s1_hint_guard: official_acc=0.598 on 400 new cells
    p2_C_ernie_s1_repair: 100/400 acc=0.640
    p2_C_ernie_s1_repair: 200/400 acc=0.640
    p2_C_ernie_s1_repair: 300/400 acc=0.703
    p2_C_ernie_s1_repair: 400/400 acc=0.660
  [done] p2_C_ernie_s1_repair: official_acc=0.660 on 400 new cells
    p2_C_ernie_s1_schema_link: 100/400 acc=0.570
    p2_C_ernie_s1_schema_link: 200/400 acc=0.590
    p2_C_ernie_s1_schema_link: 300/400 acc=0.653
    p2_C_ernie_s1_schema_link: 400/400 acc=0.605
  [done] p2_C_ernie_s1_schema_link: official_acc=0.605 on 400 new cells
    p2_C_ernie_s1_two_view: 100/400 acc=0.560
    p2_C_ernie_s1_two_view: 200/400 acc=0.600
    p2_C_ernie_s1_two_view: 300/400 acc=0.650
    p2_C_ernie_s1_two_view: 400/400 acc=0.603
  [done] p2_C_ernie_s1_two_view: official_acc=0.603 on 400 new cells
    p2_C_ernie_s1_vote3: 100/400 acc=0.600
    p2_C_ernie_s1_vote3: 200/400 acc=0.625
    p2_C_ernie_s1_vote3: 300/400 acc=0.687
    p2_C_ernie_s1_vote3: 400/400 acc=0.635
  [done] p2_C_ernie_s1_vote3: official_acc=0.635 on 400 new cells
    p2_C_ernie_s2_decompose: 100/400 acc=0.590
    p2_C_ernie_s2_decompose: 200/400 acc=0.595
    p2_C_ernie_s2_decompose: 300/400 acc=0.653
    p2_C_ernie_s2_decompose: 400/400 acc=0.595
  [done] p2_C_ernie_s2_decompose: official_acc=0.595 on 400 new cells
    p2_C_ernie_s2_error_classify: 100/400 acc=0.630
    p2_C_ernie_s2_error_classify: 200/400 acc=0.640
    p2_C_ernie_s2_error_classify: 300/400 acc=0.690
    p2_C_ernie_s2_error_classify: 400/400 acc=0.645
  [done] p2_C_ernie_s2_error_classify: official_acc=0.645 on 400 new cells
    p2_C_ernie_s2_hint_guard: 100/400 acc=0.550
    p2_C_ernie_s2_hint_guard: 200/400 acc=0.575
    p2_C_ernie_s2_hint_guard: 300/400 acc=0.623
    p2_C_ernie_s2_hint_guard: 400/400 acc=0.585
  [done] p2_C_ernie_s2_hint_guard: official_acc=0.585 on 400 new cells
    p2_C_ernie_s2_repair: 100/400 acc=0.580
    p2_C_ernie_s2_repair: 200/400 acc=0.615
    p2_C_ernie_s2_repair: 300/400 acc=0.673
    p2_C_ernie_s2_repair: 400/400 acc=0.632
  [done] p2_C_ernie_s2_repair: official_acc=0.632 on 400 new cells
    p2_C_ernie_s2_schema_link: 100/400 acc=0.550
    p2_C_ernie_s2_schema_link: 200/400 acc=0.610
    p2_C_ernie_s2_schema_link: 300/400 acc=0.647
    p2_C_ernie_s2_schema_link: 400/400 acc=0.605
  [done] p2_C_ernie_s2_schema_link: official_acc=0.605 on 400 new cells
    p2_C_ernie_s2_two_view: 100/400 acc=0.540
    p2_C_ernie_s2_two_view: 200/400 acc=0.565
    p2_C_ernie_s2_two_view: 300/400 acc=0.627
    p2_C_ernie_s2_two_view: 400/400 acc=0.578
  [done] p2_C_ernie_s2_two_view: official_acc=0.578 on 400 new cells
    p2_C_ernie_s2_vote3: 100/400 acc=0.550
    p2_C_ernie_s2_vote3: 200/400 acc=0.605
    p2_C_ernie_s2_vote3: 300/400 acc=0.653
    p2_C_ernie_s2_vote3: 400/400 acc=0.605
  [done] p2_C_ernie_s2_vote3: official_acc=0.605 on 400 new cells
    p2_C_glm_s0_decompose: 100/400 acc=0.600
    p2_C_glm_s0_decompose: 200/400 acc=0.565
    p2_C_glm_s0_decompose: 300/400 acc=0.637
    p2_C_glm_s0_decompose: 400/400 acc=0.593
  [done] p2_C_glm_s0_decompose: official_acc=0.593 on 400 new cells
    p2_C_glm_s0_repair: 100/400 acc=0.630
