[collect] 1315 cells already recorded in ad_shard3.jsonl
[collect] 1169 tasks over 9 databases | target=GLM-5.3-Flash
    p2_A_deepseek_s0_g3: 100/724 acc=0.640
    p2_A_deepseek_s0_g3: 200/724 acc=0.715
    p2_A_deepseek_s0_g3: 300/724 acc=0.733
    p2_A_deepseek_s0_g3: 400/724 acc=0.760
    p2_A_deepseek_s0_g3: 500/724 acc=0.736
    p2_A_deepseek_s0_g3: 600/724 acc=0.697
    p2_A_deepseek_s0_g3: 700/724 acc=0.670
  [done] p2_A_deepseek_s0_g3: official_acc=0.670 on 724 new cells
    p2_A_deepseek_s0_g7: 100/1169 acc=0.530
    p2_A_deepseek_s0_g7: 200/1169 acc=0.600
    p2_A_deepseek_s0_g7: 300/1169 acc=0.613
    p2_A_deepseek_s0_g7: 400/1169 acc=0.627
    p2_A_deepseek_s0_g7: 500/1169 acc=0.640
    p2_A_deepseek_s0_g7: 600/1169 acc=0.637
    p2_A_deepseek_s0_g7: 700/1169 acc=0.656
    p2_A_deepseek_s0_g7: 800/1169 acc=0.675
    p2_A_deepseek_s0_g7: 900/1169 acc=0.681
    p2_A_deepseek_s0_g7: 1000/1169 acc=0.663
    p2_A_deepseek_s0_g7: 1100/1169 acc=0.651
  [done] p2_A_deepseek_s0_g7: official_acc=0.642 on 1169 new cells
    p2_A_deepseek_s1_g3: 100/1169 acc=0.610
    p2_A_deepseek_s1_g3: 200/1169 acc=0.655
    p2_A_deepseek_s1_g3: 300/1169 acc=0.643
    p2_A_deepseek_s1_g3: 400/1169 acc=0.642
    p2_A_deepseek_s1_g3: 500/1169 acc=0.646
    p2_A_deepseek_s1_g3: 600/1169 acc=0.647
    p2_A_deepseek_s1_g3: 700/1169 acc=0.670
    p2_A_deepseek_s1_g3: 800/1169 acc=0.686
    p2_A_deepseek_s1_g3: 900/1169 acc=0.697
    p2_A_deepseek_s1_g3: 1000/1169 acc=0.675
    p2_A_deepseek_s1_g3: 1100/1169 acc=0.663
  [done] p2_A_deepseek_s1_g3: official_acc=0.656 on 1169 new cells
    p2_A_deepseek_s1_g7: 100/1169 acc=0.590
    p2_A_deepseek_s1_g7: 200/1169 acc=0.640
    p2_A_deepseek_s1_g7: 300/1169 acc=0.650
    p2_A_deepseek_s1_g7: 400/1169 acc=0.652
    p2_A_deepseek_s1_g7: 500/1169 acc=0.656
    p2_A_deepseek_s1_g7: 600/1169 acc=0.655
    p2_A_deepseek_s1_g7: 700/1169 acc=0.676
    p2_A_deepseek_s1_g7: 800/1169 acc=0.696
    p2_A_deepseek_s1_g7: 900/1169 acc=0.704
    p2_A_deepseek_s1_g7: 1000/1169 acc=0.685
    p2_A_deepseek_s1_g7: 1100/1169 acc=0.673
  [done] p2_A_deepseek_s1_g7: official_acc=0.667 on 1169 new cells
    p2_A_ernie_s0_g3: 100/1169 acc=0.570
    p2_A_ernie_s0_g3: 200/1169 acc=0.620
    p2_A_ernie_s0_g3: 300/1169 acc=0.633
    p2_A_ernie_s0_g3: 400/1169 acc=0.647
    p2_A_ernie_s0_g3: 500/1169 acc=0.652
    p2_A_ernie_s0_g3: 600/1169 acc=0.640
    p2_A_ernie_s0_g3: 700/1169 acc=0.663
    p2_A_ernie_s0_g3: 800/1169 acc=0.681
    p2_A_ernie_s0_g3: 900/1169 acc=0.690
    p2_A_ernie_s0_g3: 1000/1169 acc=0.668
    p2_A_ernie_s0_g3: 1100/1169 acc=0.661
  [done] p2_A_ernie_s0_g3: official_acc=0.656 on 1169 new cells
    p2_A_ernie_s0_g7: 100/1169 acc=0.630
    p2_A_ernie_s0_g7: 200/1169 acc=0.650
    p2_A_ernie_s0_g7: 300/1169 acc=0.663
    p2_A_ernie_s0_g7: 400/1169 acc=0.652
    p2_A_ernie_s0_g7: 500/1169 acc=0.652
    p2_A_ernie_s0_g7: 600/1169 acc=0.652
    p2_A_ernie_s0_g7: 700/1169 acc=0.674
    p2_A_ernie_s0_g7: 800/1169 acc=0.695
    p2_A_ernie_s0_g7: 900/1169 acc=0.699
    p2_A_ernie_s0_g7: 1000/1169 acc=0.677
    p2_A_ernie_s0_g7: 1100/1169 acc=0.665
  [done] p2_A_ernie_s0_g7: official_acc=0.661 on 1169 new cells
    p2_A_ernie_s1_g3: 100/1169 acc=0.550
    p2_A_ernie_s1_g3: 200/1169 acc=0.615
    p2_A_ernie_s1_g3: 300/1169 acc=0.627
    p2_A_ernie_s1_g3: 400/1169 acc=0.620
    p2_A_ernie_s1_g3: 500/1169 acc=0.642
    p2_A_ernie_s1_g3: 600/1169 acc=0.643
    p2_A_ernie_s1_g3: 700/1169 acc=0.667
    p2_A_ernie_s1_g3: 800/1169 acc=0.681
    p2_A_ernie_s1_g3: 900/1169 acc=0.691
    p2_A_ernie_s1_g3: 1000/1169 acc=0.671
    p2_A_ernie_s1_g3: 1100/1169 acc=0.661
  [done] p2_A_ernie_s1_g3: official_acc=0.654 on 1169 new cells
    p2_A_ernie_s1_g7: 100/1169 acc=0.560
    p2_A_ernie_s1_g7: 200/1169 acc=0.620
    p2_A_ernie_s1_g7: 300/1169 acc=0.647
    p2_A_ernie_s1_g7: 400/1169 acc=0.655
    p2_A_ernie_s1_g7: 500/1169 acc=0.660
    p2_A_ernie_s1_g7: 600/1169 acc=0.660
    p2_A_ernie_s1_g7: 700/1169 acc=0.684
    p2_A_ernie_s1_g7: 800/1169 acc=0.705
    p2_A_ernie_s1_g7: 900/1169 acc=0.708
    p2_A_ernie_s1_g7: 1000/1169 acc=0.688
    p2_A_ernie_s1_g7: 1100/1169 acc=0.679
  [done] p2_A_ernie_s1_g7: official_acc=0.675 on 1169 new cells
    p2_A_glm_s1_g5: 100/1169 acc=0.580
    p2_A_glm_s1_g5: 200/1169 acc=0.615
    p2_A_glm_s1_g5: 300/1169 acc=0.630
    p2_A_glm_s1_g5: 400/1169 acc=0.657
    p2_A_glm_s1_g5: 500/1169 acc=0.658
    p2_A_glm_s1_g5: 600/1169 acc=0.663
    p2_A_glm_s1_g5: 700/1169 acc=0.680
    p2_A_glm_s1_g5: 800/1169 acc=0.700
    p2_A_glm_s1_g5: 900/1169 acc=0.711
    p2_A_glm_s1_g5: 1000/1169 acc=0.690
    p2_A_glm_s1_g5: 1100/1169 acc=0.679
  [done] p2_A_glm_s1_g5: official_acc=0.671 on 1169 new cells
    p2_A_kimi_s0_g3: 100/1169 acc=0.580
    p2_A_kimi_s0_g3: 200/1169 acc=0.635
    p2_A_kimi_s0_g3: 300/1169 acc=0.650
    p2_A_kimi_s0_g3: 400/1169 acc=0.667
    p2_A_kimi_s0_g3: 500/1169 acc=0.664
    p2_A_kimi_s0_g3: 600/1169 acc=0.660
    p2_A_kimi_s0_g3: 700/1169 acc=0.681
    p2_A_kimi_s0_g3: 800/1169 acc=0.698
    p2_A_kimi_s0_g3: 900/1169 acc=0.704
    p2_A_kimi_s0_g3: 1000/1169 acc=0.684
    p2_A_kimi_s0_g3: 1100/1169 acc=0.676
  [done] p2_A_kimi_s0_g3: official_acc=0.674 on 1169 new cells
    p2_A_kimi_s0_g7: 100/1169 acc=0.590
    p2_A_kimi_s0_g7: 200/1169 acc=0.645
    p2_A_kimi_s0_g7: 300/1169 acc=0.663
    p2_A_kimi_s0_g7: 400/1169 acc=0.665
    p2_A_kimi_s0_g7: 500/1169 acc=0.674
    p2_A_kimi_s0_g7: 600/1169 acc=0.670
    p2_A_kimi_s0_g7: 700/1169 acc=0.696
    p2_A_kimi_s0_g7: 800/1169 acc=0.716
    p2_A_kimi_s0_g7: 900/1169 acc=0.729
    p2_A_kimi_s0_g7: 1000/1169 acc=0.707
    p2_A_kimi_s0_g7: 1100/1169 acc=0.695
  [done] p2_A_kimi_s0_g7: official_acc=0.689 on 1169 new cells
    p2_A_kimi_s1_g3: 100/1169 acc=0.650
    p2_A_kimi_s1_g3: 200/1169 acc=0.665
    p2_A_kimi_s1_g3: 300/1169 acc=0.670
    p2_A_kimi_s1_g3: 400/1169 acc=0.675
    p2_A_kimi_s1_g3: 500/1169 acc=0.682
    p2_A_kimi_s1_g3: 600/1169 acc=0.677
    p2_A_kimi_s1_g3: 700/1169 acc=0.696
    p2_A_kimi_s1_g3: 800/1169 acc=0.716
    p2_A_kimi_s1_g3: 900/1169 acc=0.723
    p2_A_kimi_s1_g3: 1000/1169 acc=0.699
    p2_A_kimi_s1_g3: 1100/1169 acc=0.688
  [done] p2_A_kimi_s1_g3: official_acc=0.684 on 1169 new cells
    p2_A_kimi_s1_g7: 100/1169 acc=0.600
    p2_A_kimi_s1_g7: 200/1169 acc=0.640
    p2_A_kimi_s1_g7: 300/1169 acc=0.643
    p2_A_kimi_s1_g7: 400/1169 acc=0.660
    p2_A_kimi_s1_g7: 500/1169 acc=0.666
    p2_A_kimi_s1_g7: 600/1169 acc=0.663
    p2_A_kimi_s1_g7: 700/1169 acc=0.677
    p2_A_kimi_s1_g7: 800/1169 acc=0.695
    p2_A_kimi_s1_g7: 900/1169 acc=0.702
    p2_A_kimi_s1_g7: 1000/1169 acc=0.680
    p2_A_kimi_s1_g7: 1100/1169 acc=0.665
  [done] p2_A_kimi_s1_g7: official_acc=0.659 on 1169 new cells
    p2_A_minimax_s0_g4: 100/1169 acc=0.630
    p2_A_minimax_s0_g4: 200/1169 acc=0.660
    p2_A_minimax_s0_g4: 300/1169 acc=0.640
    p2_A_minimax_s0_g4: 400/1169 acc=0.650
    p2_A_minimax_s0_g4: 500/1169 acc=0.654
    p2_A_minimax_s0_g4: 600/1169 acc=0.658
    p2_A_minimax_s0_g4: 700/1169 acc=0.680
    p2_A_minimax_s0_g4: 800/1169 acc=0.695
    p2_A_minimax_s0_g4: 900/1169 acc=0.702
    p2_A_minimax_s0_g4: 1000/1169 acc=0.681
    p2_A_minimax_s0_g4: 1100/1169 acc=0.669
  [done] p2_A_minimax_s0_g4: official_acc=0.664 on 1169 new cells
    p2_A_minimax_s1_g2: 100/1169 acc=0.280
    p2_A_minimax_s1_g2: 200/1169 acc=0.340
    p2_A_minimax_s1_g2: 300/1169 acc=0.330
    p2_A_minimax_s1_g2: 400/1169 acc=0.345
    p2_A_minimax_s1_g2: 500/1169 acc=0.356
    p2_A_minimax_s1_g2: 600/1169 acc=0.368
    p2_A_minimax_s1_g2: 700/1169 acc=0.383
    p2_A_minimax_s1_g2: 800/1169 acc=0.403
    p2_A_minimax_s1_g2: 900/1169 acc=0.406
    p2_A_minimax_s1_g2: 1000/1169 acc=0.389
    p2_A_minimax_s1_g2: 1100/1169 acc=0.379
  [done] p2_A_minimax_s1_g2: official_acc=0.381 on 1169 new cells
    p2_A_minimax_s1_g7: 100/1169 acc=0.520
    p2_A_minimax_s1_g7: 200/1169 acc=0.615
    p2_A_minimax_s1_g7: 300/1169 acc=0.613
    p2_A_minimax_s1_g7: 400/1169 acc=0.632
    p2_A_minimax_s1_g7: 500/1169 acc=0.638
    p2_A_minimax_s1_g7: 600/1169 acc=0.645
    p2_A_minimax_s1_g7: 700/1169 acc=0.661
    p2_A_minimax_s1_g7: 800/1169 acc=0.680
    p2_A_minimax_s1_g7: 900/1169 acc=0.692
    p2_A_minimax_s1_g7: 1000/1169 acc=0.671
    p2_A_minimax_s1_g7: 1100/1169 acc=0.655
  [done] p2_A_minimax_s1_g7: official_acc=0.648 on 1169 new cells
    p2_A_qwen_s0_g4: 100/1169 acc=0.600
    p2_A_qwen_s0_g4: 200/1169 acc=0.630
    p2_A_qwen_s0_g4: 300/1169 acc=0.637
    p2_A_qwen_s0_g4: 400/1169 acc=0.642
    p2_A_qwen_s0_g4: 500/1169 acc=0.648
    p2_A_qwen_s0_g4: 600/1169 acc=0.650
    p2_A_qwen_s0_g4: 700/1169 acc=0.670
    p2_A_qwen_s0_g4: 800/1169 acc=0.688
    p2_A_qwen_s0_g4: 900/1169 acc=0.694
    p2_A_qwen_s0_g4: 1000/1169 acc=0.669
    p2_A_qwen_s0_g4: 1100/1169 acc=0.661
  [done] p2_A_qwen_s0_g4: official_acc=0.659 on 1169 new cells
    p2_A_qwen_s1_g6: 100/1169 acc=0.600
    p2_A_qwen_s1_g6: 200/1169 acc=0.640
    p2_A_qwen_s1_g6: 300/1169 acc=0.653
    p2_A_qwen_s1_g6: 400/1169 acc=0.667
    p2_A_qwen_s1_g6: 500/1169 acc=0.670
    p2_A_qwen_s1_g6: 600/1169 acc=0.663
    p2_A_qwen_s1_g6: 700/1169 acc=0.684
    p2_A_qwen_s1_g6: 800/1169 acc=0.701
    p2_A_qwen_s1_g6: 900/1169 acc=0.710
    p2_A_qwen_s1_g6: 1000/1169 acc=0.686
    p2_A_qwen_s1_g6: 1100/1169 acc=0.677
  [done] p2_A_qwen_s1_g6: official_acc=0.674 on 1169 new cells
    p2_D_deepseek_s0_decompose: 100/1169 acc=0.440
    p2_D_deepseek_s0_decompose: 200/1169 acc=0.510
    p2_D_deepseek_s0_decompose: 300/1169 acc=0.533
    p2_D_deepseek_s0_decompose: 400/1169 acc=0.557
