[collect] 1355 cells already recorded in ad_shard1.jsonl
[collect] 1169 tasks over 9 databases | target=GLM-5.3-Flash
    p2_A_deepseek_s0_g1: 100/684 acc=0.580
    p2_A_deepseek_s0_g1: 200/684 acc=0.710
    p2_A_deepseek_s0_g1: 300/684 acc=0.743
    p2_A_deepseek_s0_g1: 400/684 acc=0.765
    p2_A_deepseek_s0_g1: 500/684 acc=0.726
    p2_A_deepseek_s0_g1: 600/684 acc=0.693
  [done] p2_A_deepseek_s0_g1: official_acc=0.680 on 684 new cells
    p2_A_deepseek_s0_g5: 100/1169 acc=0.570
    p2_A_deepseek_s0_g5: 200/1169 acc=0.630
    p2_A_deepseek_s0_g5: 300/1169 acc=0.647
    p2_A_deepseek_s0_g5: 400/1169 acc=0.652
    p2_A_deepseek_s0_g5: 500/1169 acc=0.666
    p2_A_deepseek_s0_g5: 600/1169 acc=0.667
    p2_A_deepseek_s0_g5: 700/1169 acc=0.689
    p2_A_deepseek_s0_g5: 800/1169 acc=0.706
    p2_A_deepseek_s0_g5: 900/1169 acc=0.713
    p2_A_deepseek_s0_g5: 1000/1169 acc=0.691
    p2_A_deepseek_s0_g5: 1100/1169 acc=0.679
  [done] p2_A_deepseek_s0_g5: official_acc=0.676 on 1169 new cells
    p2_A_deepseek_s1_g1: 100/1169 acc=0.560
    p2_A_deepseek_s1_g1: 200/1169 acc=0.615
    p2_A_deepseek_s1_g1: 300/1169 acc=0.640
    p2_A_deepseek_s1_g1: 400/1169 acc=0.647
    p2_A_deepseek_s1_g1: 500/1169 acc=0.654
    p2_A_deepseek_s1_g1: 600/1169 acc=0.653
    p2_A_deepseek_s1_g1: 700/1169 acc=0.670
    p2_A_deepseek_s1_g1: 800/1169 acc=0.691
    p2_A_deepseek_s1_g1: 900/1169 acc=0.700
    p2_A_deepseek_s1_g1: 1000/1169 acc=0.676
    p2_A_deepseek_s1_g1: 1100/1169 acc=0.668
  [done] p2_A_deepseek_s1_g1: official_acc=0.661 on 1169 new cells
    p2_A_deepseek_s1_g5: 100/1169 acc=0.580
    p2_A_deepseek_s1_g5: 200/1169 acc=0.630
    p2_A_deepseek_s1_g5: 300/1169 acc=0.650
    p2_A_deepseek_s1_g5: 400/1169 acc=0.655
    p2_A_deepseek_s1_g5: 500/1169 acc=0.660
    p2_A_deepseek_s1_g5: 600/1169 acc=0.667
    p2_A_deepseek_s1_g5: 700/1169 acc=0.686
    p2_A_deepseek_s1_g5: 800/1169 acc=0.701
    p2_A_deepseek_s1_g5: 900/1169 acc=0.712
    p2_A_deepseek_s1_g5: 1000/1169 acc=0.690
    p2_A_deepseek_s1_g5: 1100/1169 acc=0.672
  [done] p2_A_deepseek_s1_g5: official_acc=0.672 on 1169 new cells
    p2_A_ernie_s0_g1: 100/1169 acc=0.590
    p2_A_ernie_s0_g1: 200/1169 acc=0.620
    p2_A_ernie_s0_g1: 300/1169 acc=0.637
    p2_A_ernie_s0_g1: 400/1169 acc=0.650
    p2_A_ernie_s0_g1: 500/1169 acc=0.656
    p2_A_ernie_s0_g1: 600/1169 acc=0.658
    p2_A_ernie_s0_g1: 700/1169 acc=0.679
    p2_A_ernie_s0_g1: 800/1169 acc=0.694
    p2_A_ernie_s0_g1: 900/1169 acc=0.700
    p2_A_ernie_s0_g1: 1000/1169 acc=0.680
    p2_A_ernie_s0_g1: 1100/1169 acc=0.668
  [done] p2_A_ernie_s0_g1: official_acc=0.661 on 1169 new cells
    p2_A_ernie_s0_g5: 100/1169 acc=0.570
    p2_A_ernie_s0_g5: 200/1169 acc=0.615
    p2_A_ernie_s0_g5: 300/1169 acc=0.627
    p2_A_ernie_s0_g5: 400/1169 acc=0.632
    p2_A_ernie_s0_g5: 500/1169 acc=0.636
    p2_A_ernie_s0_g5: 600/1169 acc=0.637
    p2_A_ernie_s0_g5: 700/1169 acc=0.659
    p2_A_ernie_s0_g5: 800/1169 acc=0.672
    p2_A_ernie_s0_g5: 900/1169 acc=0.679
    p2_A_ernie_s0_g5: 1000/1169 acc=0.659
    p2_A_ernie_s0_g5: 1100/1169 acc=0.650
  [done] p2_A_ernie_s0_g5: official_acc=0.644 on 1169 new cells
    p2_A_ernie_s1_g1: 100/1169 acc=0.530
    p2_A_ernie_s1_g1: 200/1169 acc=0.600
    p2_A_ernie_s1_g1: 300/1169 acc=0.620
    p2_A_ernie_s1_g1: 400/1169 acc=0.637
    p2_A_ernie_s1_g1: 500/1169 acc=0.648
    p2_A_ernie_s1_g1: 600/1169 acc=0.650
    p2_A_ernie_s1_g1: 700/1169 acc=0.663
    p2_A_ernie_s1_g1: 800/1169 acc=0.682
    p2_A_ernie_s1_g1: 900/1169 acc=0.687
    p2_A_ernie_s1_g1: 1000/1169 acc=0.669
    p2_A_ernie_s1_g1: 1100/1169 acc=0.659
  [done] p2_A_ernie_s1_g1: official_acc=0.650 on 1169 new cells
    p2_A_ernie_s1_g5: 100/1169 acc=0.550
    p2_A_ernie_s1_g5: 200/1169 acc=0.615
    p2_A_ernie_s1_g5: 300/1169 acc=0.640
    p2_A_ernie_s1_g5: 400/1169 acc=0.637
    p2_A_ernie_s1_g5: 500/1169 acc=0.646
    p2_A_ernie_s1_g5: 600/1169 acc=0.650
    p2_A_ernie_s1_g5: 700/1169 acc=0.670
    p2_A_ernie_s1_g5: 800/1169 acc=0.688
    p2_A_ernie_s1_g5: 900/1169 acc=0.691
    p2_A_ernie_s1_g5: 1000/1169 acc=0.674
    p2_A_ernie_s1_g5: 1100/1169 acc=0.665
  [done] p2_A_ernie_s1_g5: official_acc=0.660 on 1169 new cells
  [skip] p2_A_glm_s1_g0: uncallable -- FileNotFoundError(2, 'No such file or directory')
    p2_A_kimi_s0_g1: 100/1169 acc=0.550
    p2_A_kimi_s0_g1: 200/1169 acc=0.630
    p2_A_kimi_s0_g1: 300/1169 acc=0.653
    p2_A_kimi_s0_g1: 400/1169 acc=0.657
    p2_A_kimi_s0_g1: 500/1169 acc=0.666
    p2_A_kimi_s0_g1: 600/1169 acc=0.665
    p2_A_kimi_s0_g1: 700/1169 acc=0.687
    p2_A_kimi_s0_g1: 800/1169 acc=0.705
    p2_A_kimi_s0_g1: 900/1169 acc=0.712
    p2_A_kimi_s0_g1: 1000/1169 acc=0.691
    p2_A_kimi_s0_g1: 1100/1169 acc=0.682
  [done] p2_A_kimi_s0_g1: official_acc=0.676 on 1169 new cells
    p2_A_kimi_s0_g5: 100/1169 acc=0.580
    p2_A_kimi_s0_g5: 200/1169 acc=0.620
    p2_A_kimi_s0_g5: 300/1169 acc=0.647
    p2_A_kimi_s0_g5: 400/1169 acc=0.660
    p2_A_kimi_s0_g5: 500/1169 acc=0.658
    p2_A_kimi_s0_g5: 600/1169 acc=0.645
    p2_A_kimi_s0_g5: 700/1169 acc=0.667
    p2_A_kimi_s0_g5: 800/1169 acc=0.686
    p2_A_kimi_s0_g5: 900/1169 acc=0.696
    p2_A_kimi_s0_g5: 1000/1169 acc=0.673
    p2_A_kimi_s0_g5: 1100/1169 acc=0.663
  [done] p2_A_kimi_s0_g5: official_acc=0.654 on 1169 new cells
    p2_A_kimi_s1_g1: 100/1169 acc=0.550
    p2_A_kimi_s1_g1: 200/1169 acc=0.605
    p2_A_kimi_s1_g1: 300/1169 acc=0.623
    p2_A_kimi_s1_g1: 400/1169 acc=0.635
    p2_A_kimi_s1_g1: 500/1169 acc=0.648
    p2_A_kimi_s1_g1: 600/1169 acc=0.652
    p2_A_kimi_s1_g1: 700/1169 acc=0.676
    p2_A_kimi_s1_g1: 800/1169 acc=0.693
    p2_A_kimi_s1_g1: 900/1169 acc=0.701
    p2_A_kimi_s1_g1: 1000/1169 acc=0.680
    p2_A_kimi_s1_g1: 1100/1169 acc=0.670
  [done] p2_A_kimi_s1_g1: official_acc=0.664 on 1169 new cells
    p2_A_kimi_s1_g5: 100/1169 acc=0.600
    p2_A_kimi_s1_g5: 200/1169 acc=0.655
    p2_A_kimi_s1_g5: 300/1169 acc=0.683
    p2_A_kimi_s1_g5: 400/1169 acc=0.693
    p2_A_kimi_s1_g5: 500/1169 acc=0.690
    p2_A_kimi_s1_g5: 600/1169 acc=0.685
    p2_A_kimi_s1_g5: 700/1169 acc=0.703
    p2_A_kimi_s1_g5: 800/1169 acc=0.721
    p2_A_kimi_s1_g5: 900/1169 acc=0.728
    p2_A_kimi_s1_g5: 1000/1169 acc=0.705
    p2_A_kimi_s1_g5: 1100/1169 acc=0.698
  [done] p2_A_kimi_s1_g5: official_acc=0.689 on 1169 new cells
    p2_A_minimax_s0_g1: 100/1169 acc=0.580
    p2_A_minimax_s0_g1: 200/1169 acc=0.625
    p2_A_minimax_s0_g1: 300/1169 acc=0.630
    p2_A_minimax_s0_g1: 400/1169 acc=0.635
    p2_A_minimax_s0_g1: 500/1169 acc=0.638
    p2_A_minimax_s0_g1: 600/1169 acc=0.637
    p2_A_minimax_s0_g1: 700/1169 acc=0.657
    p2_A_minimax_s0_g1: 800/1169 acc=0.677
    p2_A_minimax_s0_g1: 900/1169 acc=0.686
    p2_A_minimax_s0_g1: 1000/1169 acc=0.663
    p2_A_minimax_s0_g1: 1100/1169 acc=0.653
  [done] p2_A_minimax_s0_g1: official_acc=0.645 on 1169 new cells
    p2_A_minimax_s1_g0: 100/1169 acc=0.510
    p2_A_minimax_s1_g0: 200/1169 acc=0.570
    p2_A_minimax_s1_g0: 300/1169 acc=0.593
    p2_A_minimax_s1_g0: 400/1169 acc=0.608
    p2_A_minimax_s1_g0: 500/1169 acc=0.604
    p2_A_minimax_s1_g0: 600/1169 acc=0.607
    p2_A_minimax_s1_g0: 700/1169 acc=0.630
    p2_A_minimax_s1_g0: 800/1169 acc=0.650
    p2_A_minimax_s1_g0: 900/1169 acc=0.659
    p2_A_minimax_s1_g0: 1000/1169 acc=0.634
    p2_A_minimax_s1_g0: 1100/1169 acc=0.626
  [done] p2_A_minimax_s1_g0: official_acc=0.622 on 1169 new cells
    p2_A_minimax_s1_g5: 100/1169 acc=0.530
    p2_A_minimax_s1_g5: 200/1169 acc=0.620
    p2_A_minimax_s1_g5: 300/1169 acc=0.637
    p2_A_minimax_s1_g5: 400/1169 acc=0.652
    p2_A_minimax_s1_g5: 500/1169 acc=0.648
    p2_A_minimax_s1_g5: 600/1169 acc=0.652
    p2_A_minimax_s1_g5: 700/1169 acc=0.673
    p2_A_minimax_s1_g5: 800/1169 acc=0.690
    p2_A_minimax_s1_g5: 900/1169 acc=0.699
    p2_A_minimax_s1_g5: 1000/1169 acc=0.679
    p2_A_minimax_s1_g5: 1100/1169 acc=0.673
  [done] p2_A_minimax_s1_g5: official_acc=0.668 on 1169 new cells
    p2_A_qwen_s0_g1: 100/1169 acc=0.580
    p2_A_qwen_s0_g1: 200/1169 acc=0.620
    p2_A_qwen_s0_g1: 300/1169 acc=0.633
    p2_A_qwen_s0_g1: 400/1169 acc=0.642
    p2_A_qwen_s0_g1: 500/1169 acc=0.656
    p2_A_qwen_s0_g1: 600/1169 acc=0.655
    p2_A_qwen_s0_g1: 700/1169 acc=0.673
    p2_A_qwen_s0_g1: 800/1169 acc=0.691
    p2_A_qwen_s0_g1: 900/1169 acc=0.700
    p2_A_qwen_s0_g1: 1000/1169 acc=0.674
    p2_A_qwen_s0_g1: 1100/1169 acc=0.665
  [done] p2_A_qwen_s0_g1: official_acc=0.660 on 1169 new cells
    p2_A_qwen_s1_g1: 100/1169 acc=0.530
    p2_A_qwen_s1_g1: 200/1169 acc=0.580
    p2_A_qwen_s1_g1: 300/1169 acc=0.597
    p2_A_qwen_s1_g1: 400/1169 acc=0.613
    p2_A_qwen_s1_g1: 500/1169 acc=0.624
    p2_A_qwen_s1_g1: 600/1169 acc=0.623
    p2_A_qwen_s1_g1: 700/1169 acc=0.647
    p2_A_qwen_s1_g1: 800/1169 acc=0.670
    p2_A_qwen_s1_g1: 900/1169 acc=0.680
    p2_A_qwen_s1_g1: 1000/1169 acc=0.656
    p2_A_qwen_s1_g1: 1100/1169 acc=0.647
  [done] p2_A_qwen_s1_g1: official_acc=0.641 on 1169 new cells
    p2_D_deepseek_s0_vote3: 100/1169 acc=0.580
    p2_D_deepseek_s0_vote3: 200/1169 acc=0.605
    p2_D_deepseek_s0_vote3: 300/1169 acc=0.620
    p2_D_deepseek_s0_vote3: 400/1169 acc=0.625
    p2_D_deepseek_s0_vote3: 500/1169 acc=0.636
    p2_D_deepseek_s0_vote3: 600/1169 acc=0.638
    p2_D_deepseek_s0_vote3: 700/1169 acc=0.663
    p2_D_deepseek_s0_vote3: 800/1169 acc=0.682
    p2_D_deepseek_s0_vote3: 900/1169 acc=0.691
    p2_D_deepseek_s0_vote3: 1000/1169 acc=0.663
    p2_D_deepseek_s0_vote3: 1100/1169 acc=0.656
  [done] p2_D_deepseek_s0_vote3: official_acc=0.654 on 1169 new cells
    p2_D_deepseek_s1_repair: 100/1169 acc=0.560
    p2_D_deepseek_s1_repair: 200/1169 acc=0.620
    p2_D_deepseek_s1_repair: 300/1169 acc=0.637
    p2_D_deepseek_s1_repair: 400/1169 acc=0.637
    p2_D_deepseek_s1_repair: 500/1169 acc=0.646
    p2_D_deepseek_s1_repair: 600/1169 acc=0.643
    p2_D_deepseek_s1_repair: 700/1169 acc=0.670
    p2_D_deepseek_s1_repair: 800/1169 acc=0.689
    p2_D_deepseek_s1_repair: 900/1169 acc=0.702
    p2_D_deepseek_s1_repair: 1000/1169 acc=0.680
    p2_D_deepseek_s1_repair: 1100/1169 acc=0.669
  [done] p2_D_deepseek_s1_repair: official_acc=0.660 on 1169 new cells
    p2_D_deepseek_s1_decompose: 100/1169 acc=0.370
    p2_D_deepseek_s1_decompose: 200/1169 acc=0.465
    p2_D_deepseek_s1_decompose: 300/1169 acc=0.487
    p2_D_deepseek_s1_decompose: 400/1169 acc=0.507
    p2_D_deepseek_s1_decompose: 500/1169 acc=0.498
    p2_D_deepseek_s1_decompose: 600/1169 acc=0.502
    p2_D_deepseek_s1_decompose: 700/1169 acc=0.521
    p2_D_deepseek_s1_decompose: 800/1169 acc=0.540
    p2_D_deepseek_s1_decompose: 900/1169 acc=0.549
