[collect] 0 cells already recorded in ad_final2.jsonl
[collect] 1169 tasks over 9 databases | target=GLM-5.3-Flash
    p2_D_qwen_s1_vote3: 100/1169 acc=0.570
    p2_D_qwen_s1_vote3: 200/1169 acc=0.600
    p2_D_qwen_s1_vote3: 300/1169 acc=0.613
    p2_D_qwen_s1_vote3: 400/1169 acc=0.623
    p2_D_qwen_s1_vote3: 500/1169 acc=0.642
    p2_D_qwen_s1_vote3: 600/1169 acc=0.645
    p2_D_qwen_s1_vote3: 700/1169 acc=0.669
    p2_D_qwen_s1_vote3: 800/1169 acc=0.686
    p2_D_qwen_s1_vote3: 900/1169 acc=0.697
    p2_D_qwen_s1_vote3: 1000/1169 acc=0.675
    p2_D_qwen_s1_vote3: 1100/1169 acc=0.665
  [done] p2_D_qwen_s1_vote3: official_acc=0.662 on 1169 new cells
    p2_D_qwen_s1_two_view: 100/1169 acc=0.550
    p2_D_qwen_s1_two_view: 200/1169 acc=0.585
    p2_D_qwen_s1_two_view: 300/1169 acc=0.583
    p2_D_qwen_s1_two_view: 400/1169 acc=0.608
    p2_D_qwen_s1_two_view: 500/1169 acc=0.622
    p2_D_qwen_s1_two_view: 600/1169 acc=0.627
    p2_D_qwen_s1_two_view: 700/1169 acc=0.650
    p2_D_qwen_s1_two_view: 800/1169 acc=0.670
    p2_D_qwen_s1_two_view: 900/1169 acc=0.674
    p2_D_qwen_s1_two_view: 1000/1169 acc=0.647
    p2_D_qwen_s1_two_view: 1100/1169 acc=0.633
  [done] p2_D_qwen_s1_two_view: official_acc=0.627 on 1169 new cells
    p2_D_qwen_s2_repair: 100/1169 acc=0.600
    p2_D_qwen_s2_repair: 200/1169 acc=0.635
    p2_D_qwen_s2_repair: 300/1169 acc=0.647
    p2_D_qwen_s2_repair: 400/1169 acc=0.647
    p2_D_qwen_s2_repair: 500/1169 acc=0.648
    p2_D_qwen_s2_repair: 600/1169 acc=0.643
    p2_D_qwen_s2_repair: 700/1169 acc=0.670
    p2_D_qwen_s2_repair: 800/1169 acc=0.689
    p2_D_qwen_s2_repair: 900/1169 acc=0.700
    p2_D_qwen_s2_repair: 1000/1169 acc=0.676
    p2_D_qwen_s2_repair: 1100/1169 acc=0.665
  [done] p2_D_qwen_s2_repair: official_acc=0.660 on 1169 new cells
    p2_D_qwen_s2_vote3: 100/1169 acc=0.610
    p2_D_qwen_s2_vote3: 200/1169 acc=0.650
    p2_D_qwen_s2_vote3: 300/1169 acc=0.657
    p2_D_qwen_s2_vote3: 400/1169 acc=0.665
    p2_D_qwen_s2_vote3: 500/1169 acc=0.666
    p2_D_qwen_s2_vote3: 600/1169 acc=0.658
    p2_D_qwen_s2_vote3: 700/1169 acc=0.680
    p2_D_qwen_s2_vote3: 800/1169 acc=0.699
    p2_D_qwen_s2_vote3: 900/1169 acc=0.709
    p2_D_qwen_s2_vote3: 1000/1169 acc=0.683
    p2_D_qwen_s2_vote3: 1100/1169 acc=0.676
  [done] p2_D_qwen_s2_vote3: official_acc=0.671 on 1169 new cells
    p2_D_qwen_s2_two_view: 100/1169 acc=0.550
    p2_D_qwen_s2_two_view: 200/1169 acc=0.590
    p2_D_qwen_s2_two_view: 300/1169 acc=0.600
    p2_D_qwen_s2_two_view: 400/1169 acc=0.615
    p2_D_qwen_s2_two_view: 500/1169 acc=0.622
    p2_D_qwen_s2_two_view: 600/1169 acc=0.625
    p2_D_qwen_s2_two_view: 700/1169 acc=0.646
    p2_D_qwen_s2_two_view: 800/1169 acc=0.670
    p2_D_qwen_s2_two_view: 900/1169 acc=0.680
    p2_D_qwen_s2_two_view: 1000/1169 acc=0.654
    p2_D_qwen_s2_two_view: 1100/1169 acc=0.644
  [done] p2_D_qwen_s2_two_view: official_acc=0.640 on 1169 new cells
[collect] wrote E:\projects\AI4AI-Harness\artifacts\phase2\ad_final2.jsonl
