[collect] 30095 cells already recorded in ad_shard2.jsonl
[collect] 1169 tasks over 9 databases | target=GLM-5.3-Flash
  [have] p2_A_deepseek_s0_g2: complete
  [have] p2_A_deepseek_s0_g6: complete
  [have] p2_A_deepseek_s1_g2: complete
  [have] p2_A_deepseek_s1_g6: complete
  [have] p2_A_ernie_s0_g2: complete
  [have] p2_A_ernie_s0_g6: complete
  [have] p2_A_ernie_s1_g2: complete
  [have] p2_A_ernie_s1_g6: complete
  [skip] p2_A_glm_s1_g4: uncallable -- FileNotFoundError(2, 'No such file or directory')
  [have] p2_A_kimi_s0_g2: complete
  [have] p2_A_kimi_s0_g6: complete
  [have] p2_A_kimi_s1_g2: complete
  [have] p2_A_kimi_s1_g6: complete
  [have] p2_A_minimax_s0_g3: complete
  [have] p2_A_minimax_s1_g1: complete
  [have] p2_A_minimax_s1_g6: complete
  [have] p2_A_qwen_s0_g3: complete
  [have] p2_A_qwen_s1_g5: complete
  [have] p2_D_deepseek_s0_two_view: complete
  [have] p2_D_deepseek_s1_vote3: complete
  [have] p2_D_deepseek_s1_error_classify: complete
  [have] p2_D_ernie_s0_error_classify: complete
  [have] p2_D_ernie_s1_decompose: complete
  [have] p2_D_glm_s1_repair: complete
  [have] p2_D_kimi_s0_two_view: complete
  [have] p2_D_kimi_s1_two_view: complete
    p2_D_minimax_s0_two_view: 100/1169 acc=0.620
    p2_D_minimax_s0_two_view: 200/1169 acc=0.630
    p2_D_minimax_s0_two_view: 300/1169 acc=0.620
    p2_D_minimax_s0_two_view: 400/1169 acc=0.630
    p2_D_minimax_s0_two_view: 500/1169 acc=0.642
    p2_D_minimax_s0_two_view: 600/1169 acc=0.643
    p2_D_minimax_s0_two_view: 700/1169 acc=0.666
    p2_D_minimax_s0_two_view: 800/1169 acc=0.688
    p2_D_minimax_s0_two_view: 900/1169 acc=0.689
    p2_D_minimax_s0_two_view: 1000/1169 acc=0.664
    p2_D_minimax_s0_two_view: 1100/1169 acc=0.653
  [done] p2_D_minimax_s0_two_view: official_acc=0.645 on 1169 new cells
    p2_D_minimax_s1_vote3: 100/1169 acc=0.310
    p2_D_minimax_s1_vote3: 200/1169 acc=0.450
    p2_D_minimax_s1_vote3: 300/1169 acc=0.470
    p2_D_minimax_s1_vote3: 400/1169 acc=0.443
    p2_D_minimax_s1_vote3: 500/1169 acc=0.458
