[collect] 0 cells already recorded in bc_last.jsonl
[collect] 400 tasks over 9 databases | target=GLM-5.3-Flash
    p2_C_glm_s0_decompose: 100/400 acc=0.580
    p2_C_glm_s0_decompose: 200/400 acc=0.595
    p2_C_glm_s0_decompose: 300/400 acc=0.663
    p2_C_glm_s0_decompose: 400/400 acc=0.618
  [done] p2_C_glm_s0_decompose: official_acc=0.618 on 400 new cells
    p2_C_glm_s1_repair: 100/400 acc=0.640
    p2_C_glm_s1_repair: 200/400 acc=0.640
    p2_C_glm_s1_repair: 300/400 acc=0.707
    p2_C_glm_s1_repair: 400/400 acc=0.652
  [done] p2_C_glm_s1_repair: official_acc=0.652 on 400 new cells
    p2_C_glm_s1_vote3: 100/400 acc=0.660
    p2_C_glm_s1_vote3: 200/400 acc=0.635
    p2_C_glm_s1_vote3: 300/400 acc=0.707
    p2_C_glm_s1_vote3: 400/400 acc=0.652
  [done] p2_C_glm_s1_vote3: official_acc=0.652 on 400 new cells
    p2_C_glm_s2_repair: 100/400 acc=0.640
    p2_C_glm_s2_repair: 200/400 acc=0.635
    p2_C_glm_s2_repair: 300/400 acc=0.700
    p2_C_glm_s2_repair: 400/400 acc=0.642
  [done] p2_C_glm_s2_repair: official_acc=0.642 on 400 new cells
    p2_C_glm_s2_vote3: 100/400 acc=0.630
    p2_C_glm_s2_vote3: 200/400 acc=0.640
    p2_C_glm_s2_vote3: 300/400 acc=0.693
    p2_C_glm_s2_vote3: 400/400 acc=0.640
  [done] p2_C_glm_s2_vote3: official_acc=0.640 on 400 new cells
    p2_C_glm_s2_two_view: 100/400 acc=0.640
    p2_C_glm_s2_two_view: 200/400 acc=0.610
    p2_C_glm_s2_two_view: 300/400 acc=0.687
