[collect] 0 cells already recorded in bc_final.jsonl
[collect] 400 tasks over 9 databases | target=GLM-5.3-Flash
    p2_C_ernie_s1_repair: 100/400 acc=0.640
    p2_C_ernie_s1_repair: 200/400 acc=0.635
    p2_C_ernie_s1_repair: 300/400 acc=0.690
    p2_C_ernie_s1_repair: 400/400 acc=0.650
  [done] p2_C_ernie_s1_repair: official_acc=0.650 on 400 new cells
    p2_C_ernie_s1_vote3: 100/400 acc=0.590
    p2_C_ernie_s1_vote3: 200/400 acc=0.605
    p2_C_ernie_s1_vote3: 300/400 acc=0.670
    p2_C_ernie_s1_vote3: 400/400 acc=0.625
  [done] p2_C_ernie_s1_vote3: official_acc=0.625 on 400 new cells
    p2_C_ernie_s1_schema_link: 100/400 acc=0.580
    p2_C_ernie_s1_schema_link: 200/400 acc=0.590
    p2_C_ernie_s1_schema_link: 300/400 acc=0.653
    p2_C_ernie_s1_schema_link: 400/400 acc=0.608
  [done] p2_C_ernie_s1_schema_link: official_acc=0.608 on 400 new cells
    p2_C_ernie_s1_hint_guard: 100/400 acc=0.570
    p2_C_ernie_s1_hint_guard: 200/400 acc=0.610
    p2_C_ernie_s1_hint_guard: 300/400 acc=0.650
    p2_C_ernie_s1_hint_guard: 400/400 acc=0.603
  [done] p2_C_ernie_s1_hint_guard: official_acc=0.603 on 400 new cells
    p2_C_ernie_s1_two_view: 100/400 acc=0.560
    p2_C_ernie_s1_two_view: 200/400 acc=0.600
    p2_C_ernie_s1_two_view: 300/400 acc=0.657
    p2_C_ernie_s1_two_view: 400/400 acc=0.605
  [done] p2_C_ernie_s1_two_view: official_acc=0.605 on 400 new cells
    p2_C_ernie_s2_repair: 100/400 acc=0.630
    p2_C_ernie_s2_repair: 200/400 acc=0.615
    p2_C_ernie_s2_repair: 300/400 acc=0.673
    p2_C_ernie_s2_repair: 400/400 acc=0.630
  [done] p2_C_ernie_s2_repair: official_acc=0.630 on 400 new cells
    p2_C_ernie_s2_vote3: 100/400 acc=0.510
    p2_C_ernie_s2_vote3: 200/400 acc=0.590
    p2_C_ernie_s2_vote3: 300/400 acc=0.630
    p2_C_ernie_s2_vote3: 400/400 acc=0.588
  [done] p2_C_ernie_s2_vote3: official_acc=0.588 on 400 new cells
    p2_C_ernie_s2_schema_link: 100/400 acc=0.550
    p2_C_ernie_s2_schema_link: 200/400 acc=0.605
    p2_C_ernie_s2_schema_link: 300/400 acc=0.657
    p2_C_ernie_s2_schema_link: 400/400 acc=0.610
  [done] p2_C_ernie_s2_schema_link: official_acc=0.610 on 400 new cells
    p2_C_ernie_s2_hint_guard: 100/400 acc=0.550
    p2_C_ernie_s2_hint_guard: 200/400 acc=0.565
    p2_C_ernie_s2_hint_guard: 300/400 acc=0.627
    p2_C_ernie_s2_hint_guard: 400/400 acc=0.583
  [done] p2_C_ernie_s2_hint_guard: official_acc=0.583 on 400 new cells
    p2_C_ernie_s2_two_view: 100/400 acc=0.570
    p2_C_ernie_s2_two_view: 200/400 acc=0.580
    p2_C_ernie_s2_two_view: 300/400 acc=0.640
    p2_C_ernie_s2_two_view: 400/400 acc=0.588
  [done] p2_C_ernie_s2_two_view: official_acc=0.588 on 400 new cells
    p2_C_ernie_s2_decompose: 100/400 acc=0.610
    p2_C_ernie_s2_decompose: 200/400 acc=0.605
    p2_C_ernie_s2_decompose: 300/400 acc=0.650
    p2_C_ernie_s2_decompose: 400/400 acc=0.600
  [done] p2_C_ernie_s2_decompose: official_acc=0.600 on 400 new cells
    p2_C_ernie_s2_error_classify: 100/400 acc=0.650
    p2_C_ernie_s2_error_classify: 200/400 acc=0.635
    p2_C_ernie_s2_error_classify: 300/400 acc=0.690
    p2_C_ernie_s2_error_classify: 400/400 acc=0.640
  [done] p2_C_ernie_s2_error_classify: official_acc=0.640 on 400 new cells
    p2_C_glm_s0_repair: 100/400 acc=0.640
    p2_C_glm_s0_repair: 200/400 acc=0.600
    p2_C_glm_s0_repair: 300/400 acc=0.687
    p2_C_glm_s0_repair: 400/400 acc=0.642
  [done] p2_C_glm_s0_repair: official_acc=0.642 on 400 new cells
    p2_C_glm_s0_vote3: 100/400 acc=0.640
    p2_C_glm_s0_vote3: 200/400 acc=0.630
    p2_C_glm_s0_vote3: 300/400 acc=0.683
    p2_C_glm_s0_vote3: 400/400 acc=0.632
  [done] p2_C_glm_s0_vote3: official_acc=0.632 on 400 new cells
    p2_C_glm_s0_two_view: 100/400 acc=0.660
    p2_C_glm_s0_two_view: 200/400 acc=0.655
    p2_C_glm_s0_two_view: 300/400 acc=0.717
    p2_C_glm_s0_two_view: 400/400 acc=0.662
  [done] p2_C_glm_s0_two_view: official_acc=0.662 on 400 new cells
    p2_C_glm_s0_decompose: 100/400 acc=0.560
    p2_C_glm_s0_decompose: 200/400 acc=0.545
    p2_C_glm_s0_decompose: 300/400 acc=0.637
    p2_C_glm_s0_decompose: 400/400 acc=0.583
  [done] p2_C_glm_s0_decompose: official_acc=0.583 on 400 new cells
    p2_C_glm_s1_repair: 100/400 acc=0.620
    p2_C_glm_s1_repair: 200/400 acc=0.620
    p2_C_glm_s1_repair: 300/400 acc=0.687
    p2_C_glm_s1_repair: 400/400 acc=0.640
  [done] p2_C_glm_s1_repair: official_acc=0.640 on 400 new cells
    p2_C_glm_s1_vote3: 100/400 acc=0.630
    p2_C_glm_s1_vote3: 200/400 acc=0.615
    p2_C_glm_s1_vote3: 300/400 acc=0.683
    p2_C_glm_s1_vote3: 400/400 acc=0.640
  [done] p2_C_glm_s1_vote3: official_acc=0.640 on 400 new cells
    p2_C_glm_s2_repair: 100/400 acc=0.640
    p2_C_glm_s2_repair: 200/400 acc=0.630
    p2_C_glm_s2_repair: 300/400 acc=0.687
    p2_C_glm_s2_repair: 400/400 acc=0.640
  [done] p2_C_glm_s2_repair: official_acc=0.640 on 400 new cells
    p2_C_glm_s2_vote3: 100/400 acc=0.640
    p2_C_glm_s2_vote3: 200/400 acc=0.635
    p2_C_glm_s2_vote3: 300/400 acc=0.707
    p2_C_glm_s2_vote3: 400/400 acc=0.650
  [done] p2_C_glm_s2_vote3: official_acc=0.650 on 400 new cells
    p2_C_glm_s2_two_view: 100/400 acc=0.660
    p2_C_glm_s2_two_view: 200/400 acc=0.655
    p2_C_glm_s2_two_view: 300/400 acc=0.713
    p2_C_glm_s2_two_view: 400/400 acc=0.652
  [done] p2_C_glm_s2_two_view: official_acc=0.652 on 400 new cells
    p2_C_glm_s2_decompose: 100/400 acc=0.620
