[collect] solver cache BYPASSED
[collect] 0 cells already recorded in r2_cacheoff.jsonl
[collect] 400 tasks over 9 databases | target=GLM-5.3-Flash
    p2_A_deepseek_s0_g0: 100/400 acc=0.620
    p2_A_deepseek_s0_g0: 200/400 acc=0.615
    p2_A_deepseek_s0_g0: 300/400 acc=0.673
    p2_A_deepseek_s0_g0: 400/400 acc=0.632
  [done] p2_A_deepseek_s0_g0: official_acc=0.632 on 400 new cells
    p2_A_deepseek_s0_g1: 100/400 acc=0.650
    p2_A_deepseek_s0_g1: 200/400 acc=0.650
    p2_A_deepseek_s0_g1: 300/400 acc=0.700
    p2_A_deepseek_s0_g1: 400/400 acc=0.647
  [done] p2_A_deepseek_s0_g1: official_acc=0.647 on 400 new cells
    p2_A_deepseek_s1_g0: 100/400 acc=0.630
    p2_A_deepseek_s1_g0: 200/400 acc=0.615
    p2_A_deepseek_s1_g0: 300/400 acc=0.673
    p2_A_deepseek_s1_g0: 400/400 acc=0.623
  [done] p2_A_deepseek_s1_g0: official_acc=0.623 on 400 new cells
    p2_A_deepseek_s1_g1: 100/400 acc=0.670
    p2_A_deepseek_s1_g1: 200/400 acc=0.640
    p2_A_deepseek_s1_g1: 300/400 acc=0.693
    p2_A_deepseek_s1_g1: 400/400 acc=0.645
  [done] p2_A_deepseek_s1_g1: official_acc=0.645 on 400 new cells
    p2_A_deepseek_s2_g0: 100/400 acc=0.650
    p2_A_deepseek_s2_g0: 200/400 acc=0.645
    p2_A_deepseek_s2_g0: 300/400 acc=0.703
    p2_A_deepseek_s2_g0: 400/400 acc=0.657
  [done] p2_A_deepseek_s2_g0: official_acc=0.657 on 400 new cells
    p2_A_deepseek_s2_g1: 100/400 acc=0.620
    p2_A_deepseek_s2_g1: 200/400 acc=0.620
    p2_A_deepseek_s2_g1: 300/400 acc=0.683
    p2_A_deepseek_s2_g1: 400/400 acc=0.632
  [done] p2_A_deepseek_s2_g1: official_acc=0.632 on 400 new cells
    p2_A_ernie_s0_g0: 100/400 acc=0.640
    p2_A_ernie_s0_g0: 200/400 acc=0.640
    p2_A_ernie_s0_g0: 300/400 acc=0.693
    p2_A_ernie_s0_g0: 400/400 acc=0.647
  [done] p2_A_ernie_s0_g0: official_acc=0.647 on 400 new cells
    p2_A_ernie_s0_g1: 100/400 acc=0.660
    p2_A_ernie_s0_g1: 200/400 acc=0.655
    p2_A_ernie_s0_g1: 300/400 acc=0.697
    p2_A_ernie_s0_g1: 400/400 acc=0.642
  [done] p2_A_ernie_s0_g1: official_acc=0.642 on 400 new cells
    p2_A_ernie_s1_g0: 100/400 acc=0.570
    p2_A_ernie_s1_g0: 200/400 acc=0.585
    p2_A_ernie_s1_g0: 300/400 acc=0.653
    p2_A_ernie_s1_g0: 400/400 acc=0.608
  [done] p2_A_ernie_s1_g0: official_acc=0.608 on 400 new cells
    p2_A_ernie_s1_g1: 100/400 acc=0.600
    p2_A_ernie_s1_g1: 200/400 acc=0.600
    p2_A_ernie_s1_g1: 300/400 acc=0.670
    p2_A_ernie_s1_g1: 400/400 acc=0.620
  [done] p2_A_ernie_s1_g1: official_acc=0.620 on 400 new cells
    p2_A_ernie_s2_g0: 100/400 acc=0.630
    p2_A_ernie_s2_g0: 200/400 acc=0.625
    p2_A_ernie_s2_g0: 300/400 acc=0.683
    p2_A_ernie_s2_g0: 400/400 acc=0.637
  [done] p2_A_ernie_s2_g0: official_acc=0.637 on 400 new cells
    p2_A_ernie_s2_g1: 100/400 acc=0.640
    p2_A_ernie_s2_g1: 200/400 acc=0.615
    p2_A_ernie_s2_g1: 300/400 acc=0.673
    p2_A_ernie_s2_g1: 400/400 acc=0.623
  [done] p2_A_ernie_s2_g1: official_acc=0.623 on 400 new cells
    p2_A_glm_s0_g7: 100/400 acc=0.670
    p2_A_glm_s0_g7: 200/400 acc=0.635
    p2_A_glm_s0_g7: 300/400 acc=0.700
    p2_A_glm_s0_g7: 400/400 acc=0.650
  [done] p2_A_glm_s0_g7: official_acc=0.650 on 400 new cells
    p2_A_glm_s1_g5: 100/400 acc=0.650
    p2_A_glm_s1_g5: 200/400 acc=0.630
    p2_A_glm_s1_g5: 300/400 acc=0.690
    p2_A_glm_s1_g5: 400/400 acc=0.642
  [done] p2_A_glm_s1_g5: official_acc=0.642 on 400 new cells
    p2_A_glm_s2_g1: 100/400 acc=0.670
    p2_A_glm_s2_g1: 200/400 acc=0.640
    p2_A_glm_s2_g1: 300/400 acc=0.710
    p2_A_glm_s2_g1: 400/400 acc=0.667
  [done] p2_A_glm_s2_g1: official_acc=0.667 on 400 new cells
    p2_A_glm_s2_g3: 100/400 acc=0.660
    p2_A_glm_s2_g3: 200/400 acc=0.660
    p2_A_glm_s2_g3: 300/400 acc=0.727
    p2_A_glm_s2_g3: 400/400 acc=0.670
  [done] p2_A_glm_s2_g3: official_acc=0.670 on 400 new cells
    p2_A_kimi_s0_g0: 100/400 acc=0.650
    p2_A_kimi_s0_g0: 200/400 acc=0.645
    p2_A_kimi_s0_g0: 300/400 acc=0.707
    p2_A_kimi_s0_g0: 400/400 acc=0.660
  [done] p2_A_kimi_s0_g0: official_acc=0.660 on 400 new cells
    p2_A_kimi_s0_g1: 100/400 acc=0.620
    p2_A_kimi_s0_g1: 200/400 acc=0.645
    p2_A_kimi_s0_g1: 300/400 acc=0.717
    p2_A_kimi_s0_g1: 400/400 acc=0.672
  [done] p2_A_kimi_s0_g1: official_acc=0.672 on 400 new cells
    p2_A_kimi_s1_g0: 100/400 acc=0.660
    p2_A_kimi_s1_g0: 200/400 acc=0.635
    p2_A_kimi_s1_g0: 300/400 acc=0.700
    p2_A_kimi_s1_g0: 400/400 acc=0.647
  [done] p2_A_kimi_s1_g0: official_acc=0.647 on 400 new cells
    p2_A_kimi_s1_g1: 100/400 acc=0.640
    p2_A_kimi_s1_g1: 200/400 acc=0.650
    p2_A_kimi_s1_g1: 300/400 acc=0.707
    p2_A_kimi_s1_g1: 400/400 acc=0.657
  [done] p2_A_kimi_s1_g1: official_acc=0.657 on 400 new cells
    p2_A_kimi_s2_g1: 100/400 acc=0.660
    p2_A_kimi_s2_g1: 200/400 acc=0.665
    p2_A_kimi_s2_g1: 300/400 acc=0.723
    p2_A_kimi_s2_g1: 400/400 acc=0.667
  [done] p2_A_kimi_s2_g1: official_acc=0.667 on 400 new cells
    p2_A_kimi_s2_g2: 100/400 acc=0.650
    p2_A_kimi_s2_g2: 200/400 acc=0.635
    p2_A_kimi_s2_g2: 300/400 acc=0.717
    p2_A_kimi_s2_g2: 400/400 acc=0.670
  [done] p2_A_kimi_s2_g2: official_acc=0.670 on 400 new cells
    p2_A_minimax_s0_g0: 100/400 acc=0.640
    p2_A_minimax_s0_g0: 200/400 acc=0.630
    p2_A_minimax_s0_g0: 300/400 acc=0.693
    p2_A_minimax_s0_g0: 400/400 acc=0.650
  [done] p2_A_minimax_s0_g0: official_acc=0.650 on 400 new cells
    p2_A_minimax_s0_g1: 100/400 acc=0.630
    p2_A_minimax_s0_g1: 200/400 acc=0.615
    p2_A_minimax_s0_g1: 300/400 acc=0.680
    p2_A_minimax_s0_g1: 400/400 acc=0.630
  [done] p2_A_minimax_s0_g1: official_acc=0.630 on 400 new cells
    p2_A_minimax_s1_g0: 100/400 acc=0.590
    p2_A_minimax_s1_g0: 200/400 acc=0.590
    p2_A_minimax_s1_g0: 300/400 acc=0.650
    p2_A_minimax_s1_g0: 400/400 acc=0.598
  [done] p2_A_minimax_s1_g0: official_acc=0.598 on 400 new cells
    p2_A_minimax_s1_g1: 100/400 acc=0.590
    p2_A_minimax_s1_g1: 200/400 acc=0.615
    p2_A_minimax_s1_g1: 300/400 acc=0.690
    p2_A_minimax_s1_g1: 400/400 acc=0.640
  [done] p2_A_minimax_s1_g1: official_acc=0.640 on 400 new cells
    p2_A_minimax_s2_g0: 100/400 acc=0.640
    p2_A_minimax_s2_g0: 200/400 acc=0.635
    p2_A_minimax_s2_g0: 300/400 acc=0.710
    p2_A_minimax_s2_g0: 400/400 acc=0.650
  [done] p2_A_minimax_s2_g0: official_acc=0.650 on 400 new cells
    p2_A_minimax_s2_g1: 100/400 acc=0.640
    p2_A_minimax_s2_g1: 200/400 acc=0.640
    p2_A_minimax_s2_g1: 300/400 acc=0.697
    p2_A_minimax_s2_g1: 400/400 acc=0.645
  [done] p2_A_minimax_s2_g1: official_acc=0.645 on 400 new cells
    p2_A_qwen_s0_g0: 100/400 acc=0.620
    p2_A_qwen_s0_g0: 200/400 acc=0.630
    p2_A_qwen_s0_g0: 300/400 acc=0.697
    p2_A_qwen_s0_g0: 400/400 acc=0.647
  [done] p2_A_qwen_s0_g0: official_acc=0.647 on 400 new cells
    p2_A_qwen_s0_g1: 100/400 acc=0.610
    p2_A_qwen_s0_g1: 200/400 acc=0.625
    p2_A_qwen_s0_g1: 300/400 acc=0.677
    p2_A_qwen_s0_g1: 400/400 acc=0.632
  [done] p2_A_qwen_s0_g1: official_acc=0.632 on 400 new cells
    p2_A_qwen_s1_g1: 100/400 acc=0.610
    p2_A_qwen_s1_g1: 200/400 acc=0.635
    p2_A_qwen_s1_g1: 300/400 acc=0.693
    p2_A_qwen_s1_g1: 400/400 acc=0.647
  [done] p2_A_qwen_s1_g1: official_acc=0.647 on 400 new cells
    p2_A_qwen_s1_g5: 100/400 acc=0.490
    p2_A_qwen_s1_g5: 200/400 acc=0.555
    p2_A_qwen_s1_g5: 300/400 acc=0.623
    p2_A_qwen_s1_g5: 400/400 acc=0.585
  [done] p2_A_qwen_s1_g5: official_acc=0.585 on 400 new cells
    p2_A_qwen_s2_g2: 100/400 acc=0.610
    p2_A_qwen_s2_g2: 200/400 acc=0.625
    p2_A_qwen_s2_g2: 300/400 acc=0.680
    p2_A_qwen_s2_g2: 400/400 acc=0.623
  [done] p2_A_qwen_s2_g2: official_acc=0.623 on 400 new cells
    p2_A_qwen_s2_g7: 100/400 acc=0.600
    p2_A_qwen_s2_g7: 200/400 acc=0.620
    p2_A_qwen_s2_g7: 300/400 acc=0.677
    p2_A_qwen_s2_g7: 400/400 acc=0.623
  [done] p2_A_qwen_s2_g7: official_acc=0.623 on 400 new cells
    p2_D_deepseek_s0_repair: 100/400 acc=0.600
    p2_D_deepseek_s0_repair: 200/400 acc=0.610
    p2_D_deepseek_s0_repair: 300/400 acc=0.680
    p2_D_deepseek_s0_repair: 400/400 acc=0.640
  [done] p2_D_deepseek_s0_repair: official_acc=0.640 on 400 new cells
    p2_D_deepseek_s0_vote3: 100/400 acc=0.610
    p2_D_deepseek_s0_vote3: 200/400 acc=0.610
    p2_D_deepseek_s0_vote3: 300/400 acc=0.667
    p2_D_deepseek_s0_vote3: 400/400 acc=0.627
  [done] p2_D_deepseek_s0_vote3: official_acc=0.627 on 400 new cells
    p2_D_deepseek_s1_repair: 100/400 acc=0.660
    p2_D_deepseek_s1_repair: 200/400 acc=0.645
    p2_D_deepseek_s1_repair: 300/400 acc=0.707
    p2_D_deepseek_s1_repair: 400/400 acc=0.655
  [done] p2_D_deepseek_s1_repair: official_acc=0.655 on 400 new cells
    p2_D_deepseek_s1_vote3: 100/400 acc=0.590
    p2_D_deepseek_s1_vote3: 200/400 acc=0.610
    p2_D_deepseek_s1_vote3: 300/400 acc=0.673
    p2_D_deepseek_s1_vote3: 400/400 acc=0.625
  [done] p2_D_deepseek_s1_vote3: official_acc=0.625 on 400 new cells
    p2_D_deepseek_s2_repair: 100/400 acc=0.660
    p2_D_deepseek_s2_repair: 200/400 acc=0.650
    p2_D_deepseek_s2_repair: 300/400 acc=0.703
    p2_D_deepseek_s2_repair: 400/400 acc=0.657
  [done] p2_D_deepseek_s2_repair: official_acc=0.657 on 400 new cells
    p2_D_deepseek_s2_vote3: 100/400 acc=0.630
    p2_D_deepseek_s2_vote3: 200/400 acc=0.645
    p2_D_deepseek_s2_vote3: 300/400 acc=0.693
    p2_D_deepseek_s2_vote3: 400/400 acc=0.637
  [done] p2_D_deepseek_s2_vote3: official_acc=0.637 on 400 new cells
    p2_D_ernie_s0_repair: 100/400 acc=0.630
    p2_D_ernie_s0_repair: 200/400 acc=0.640
    p2_D_ernie_s0_repair: 300/400 acc=0.703
    p2_D_ernie_s0_repair: 400/400 acc=0.657
  [done] p2_D_ernie_s0_repair: official_acc=0.657 on 400 new cells
    p2_D_ernie_s0_vote3: 100/400 acc=0.610
    p2_D_ernie_s0_vote3: 200/400 acc=0.615
    p2_D_ernie_s0_vote3: 300/400 acc=0.673
    p2_D_ernie_s0_vote3: 400/400 acc=0.632
  [done] p2_D_ernie_s0_vote3: official_acc=0.632 on 400 new cells
    p2_D_ernie_s1_repair: 100/400 acc=0.650
    p2_D_ernie_s1_repair: 200/400 acc=0.630
    p2_D_ernie_s1_repair: 300/400 acc=0.690
    p2_D_ernie_s1_repair: 400/400 acc=0.635
  [done] p2_D_ernie_s1_repair: official_acc=0.635 on 400 new cells
    p2_D_ernie_s1_vote3: 100/400 acc=0.620
    p2_D_ernie_s1_vote3: 200/400 acc=0.630
    p2_D_ernie_s1_vote3: 300/400 acc=0.687
    p2_D_ernie_s1_vote3: 400/400 acc=0.632
  [done] p2_D_ernie_s1_vote3: official_acc=0.632 on 400 new cells
    p2_D_ernie_s2_repair: 100/400 acc=0.640
    p2_D_ernie_s2_repair: 200/400 acc=0.625
    p2_D_ernie_s2_repair: 300/400 acc=0.683
    p2_D_ernie_s2_repair: 400/400 acc=0.642
  [done] p2_D_ernie_s2_repair: official_acc=0.642 on 400 new cells
    p2_D_ernie_s2_vote3: 100/400 acc=0.570
    p2_D_ernie_s2_vote3: 200/400 acc=0.610
    p2_D_ernie_s2_vote3: 300/400 acc=0.673
    p2_D_ernie_s2_vote3: 400/400 acc=0.620
  [done] p2_D_ernie_s2_vote3: official_acc=0.620 on 400 new cells
    p2_D_glm_s0_repair: 100/400 acc=0.640
    p2_D_glm_s0_repair: 200/400 acc=0.615
    p2_D_glm_s0_repair: 300/400 acc=0.690
    p2_D_glm_s0_repair: 400/400 acc=0.647
  [done] p2_D_glm_s0_repair: official_acc=0.647 on 400 new cells
    p2_D_glm_s0_two_view: 100/400 acc=0.620
    p2_D_glm_s0_two_view: 200/400 acc=0.630
    p2_D_glm_s0_two_view: 300/400 acc=0.693
    p2_D_glm_s0_two_view: 400/400 acc=0.642
  [done] p2_D_glm_s0_two_view: official_acc=0.642 on 400 new cells
    p2_D_glm_s1_repair: 100/400 acc=0.620
    p2_D_glm_s1_repair: 200/400 acc=0.615
    p2_D_glm_s1_repair: 300/400 acc=0.687
    p2_D_glm_s1_repair: 400/400 acc=0.635
  [done] p2_D_glm_s1_repair: official_acc=0.635 on 400 new cells
    p2_D_glm_s1_two_view: 100/400 acc=0.640
    p2_D_glm_s1_two_view: 200/400 acc=0.630
    p2_D_glm_s1_two_view: 300/400 acc=0.703
    p2_D_glm_s1_two_view: 400/400 acc=0.647
  [done] p2_D_glm_s1_two_view: official_acc=0.647 on 400 new cells
    p2_D_glm_s2_repair: 100/400 acc=0.640
    p2_D_glm_s2_repair: 200/400 acc=0.620
    p2_D_glm_s2_repair: 300/400 acc=0.680
    p2_D_glm_s2_repair: 400/400 acc=0.635
  [done] p2_D_glm_s2_repair: official_acc=0.635 on 400 new cells
    p2_D_glm_s2_vote3: 100/400 acc=0.660
    p2_D_glm_s2_vote3: 200/400 acc=0.660
    p2_D_glm_s2_vote3: 300/400 acc=0.717
    p2_D_glm_s2_vote3: 400/400 acc=0.672
  [done] p2_D_glm_s2_vote3: official_acc=0.672 on 400 new cells
    p2_D_kimi_s0_repair: 100/400 acc=0.640
    p2_D_kimi_s0_repair: 200/400 acc=0.620
    p2_D_kimi_s0_repair: 300/400 acc=0.687
    p2_D_kimi_s0_repair: 400/400 acc=0.637
  [done] p2_D_kimi_s0_repair: official_acc=0.637 on 400 new cells
    p2_D_kimi_s0_vote3: 100/400 acc=0.620
    p2_D_kimi_s0_vote3: 200/400 acc=0.635
    p2_D_kimi_s0_vote3: 300/400 acc=0.690
    p2_D_kimi_s0_vote3: 400/400 acc=0.637
  [done] p2_D_kimi_s0_vote3: official_acc=0.637 on 400 new cells
    p2_D_kimi_s1_vote3: 100/400 acc=0.630
    p2_D_kimi_s1_vote3: 200/400 acc=0.625
    p2_D_kimi_s1_vote3: 300/400 acc=0.697
    p2_D_kimi_s1_vote3: 400/400 acc=0.650
  [done] p2_D_kimi_s1_vote3: official_acc=0.650 on 400 new cells
    p2_D_kimi_s1_two_view: 100/400 acc=0.630
    p2_D_kimi_s1_two_view: 200/400 acc=0.610
    p2_D_kimi_s1_two_view: 300/400 acc=0.677
    p2_D_kimi_s1_two_view: 400/400 acc=0.623
  [done] p2_D_kimi_s1_two_view: official_acc=0.623 on 400 new cells
    p2_D_kimi_s2_repair: 100/400 acc=0.630
    p2_D_kimi_s2_repair: 200/400 acc=0.630
    p2_D_kimi_s2_repair: 300/400 acc=0.703
    p2_D_kimi_s2_repair: 400/400 acc=0.655
  [done] p2_D_kimi_s2_repair: official_acc=0.655 on 400 new cells
    p2_D_kimi_s2_two_view: 100/400 acc=0.630
    p2_D_kimi_s2_two_view: 200/400 acc=0.630
    p2_D_kimi_s2_two_view: 300/400 acc=0.683
    p2_D_kimi_s2_two_view: 400/400 acc=0.640
  [done] p2_D_kimi_s2_two_view: official_acc=0.640 on 400 new cells
    p2_D_minimax_s0_repair: 100/400 acc=0.630
    p2_D_minimax_s0_repair: 200/400 acc=0.630
    p2_D_minimax_s0_repair: 300/400 acc=0.700
    p2_D_minimax_s0_repair: 400/400 acc=0.652
  [done] p2_D_minimax_s0_repair: official_acc=0.652 on 400 new cells
    p2_D_minimax_s0_vote3: 100/400 acc=0.420
    p2_D_minimax_s0_vote3: 200/400 acc=0.385
    p2_D_minimax_s0_vote3: 300/400 acc=0.367
    p2_D_minimax_s0_vote3: 400/400 acc=0.320
  [done] p2_D_minimax_s0_vote3: official_acc=0.320 on 400 new cells
    p2_D_minimax_s1_repair: 100/400 acc=0.650
    p2_D_minimax_s1_repair: 200/400 acc=0.630
    p2_D_minimax_s1_repair: 300/400 acc=0.687
    p2_D_minimax_s1_repair: 400/400 acc=0.647
  [done] p2_D_minimax_s1_repair: official_acc=0.647 on 400 new cells
    p2_D_minimax_s1_vote3: 100/400 acc=0.410
    p2_D_minimax_s1_vote3: 200/400 acc=0.380
    p2_D_minimax_s1_vote3: 300/400 acc=0.377
    p2_D_minimax_s1_vote3: 400/400 acc=0.325
  [done] p2_D_minimax_s1_vote3: official_acc=0.325 on 400 new cells
    p2_D_minimax_s2_repair: 100/400 acc=0.630
    p2_D_minimax_s2_repair: 200/400 acc=0.635
    p2_D_minimax_s2_repair: 300/400 acc=0.713
    p2_D_minimax_s2_repair: 400/400 acc=0.670
  [done] p2_D_minimax_s2_repair: official_acc=0.670 on 400 new cells
    p2_D_minimax_s2_vote3: 100/400 acc=0.390
    p2_D_minimax_s2_vote3: 200/400 acc=0.370
    p2_D_minimax_s2_vote3: 300/400 acc=0.370
    p2_D_minimax_s2_vote3: 400/400 acc=0.318
  [done] p2_D_minimax_s2_vote3: official_acc=0.318 on 400 new cells
    p2_D_qwen_s0_repair: 100/400 acc=0.640
    p2_D_qwen_s0_repair: 200/400 acc=0.615
    p2_D_qwen_s0_repair: 300/400 acc=0.680
    p2_D_qwen_s0_repair: 400/400 acc=0.630
  [done] p2_D_qwen_s0_repair: official_acc=0.630 on 400 new cells
    p2_D_qwen_s0_vote3: 100/400 acc=0.570
    p2_D_qwen_s0_vote3: 200/400 acc=0.600
    p2_D_qwen_s0_vote3: 300/400 acc=0.667
    p2_D_qwen_s0_vote3: 400/400 acc=0.627
  [done] p2_D_qwen_s0_vote3: official_acc=0.627 on 400 new cells
    p2_D_qwen_s1_repair: 100/400 acc=0.640
    p2_D_qwen_s1_repair: 200/400 acc=0.625
    p2_D_qwen_s1_repair: 300/400 acc=0.697
    p2_D_qwen_s1_repair: 400/400 acc=0.652
  [done] p2_D_qwen_s1_repair: official_acc=0.652 on 400 new cells
    p2_D_qwen_s1_vote3: 100/400 acc=0.610
    p2_D_qwen_s1_vote3: 200/400 acc=0.610
    p2_D_qwen_s1_vote3: 300/400 acc=0.673
    p2_D_qwen_s1_vote3: 400/400 acc=0.620
  [done] p2_D_qwen_s1_vote3: official_acc=0.620 on 400 new cells
    p2_D_qwen_s2_repair: 100/400 acc=0.630
    p2_D_qwen_s2_repair: 200/400 acc=0.640
    p2_D_qwen_s2_repair: 300/400 acc=0.700
    p2_D_qwen_s2_repair: 400/400 acc=0.650
  [done] p2_D_qwen_s2_repair: official_acc=0.650 on 400 new cells
    p2_D_qwen_s2_vote3: 100/400 acc=0.620
    p2_D_qwen_s2_vote3: 200/400 acc=0.645
    p2_D_qwen_s2_vote3: 300/400 acc=0.703
    p2_D_qwen_s2_vote3: 400/400 acc=0.642
  [done] p2_D_qwen_s2_vote3: official_acc=0.642 on 400 new cells
[collect] wrote E:\projects\AI4AI-Harness\artifacts\phase2\r2_cacheoff.jsonl
