[collect] 13910 cells already recorded in ad_s2.jsonl
[collect] 1169 tasks over 9 databases | target=GLM-5.3-Flash
  [have] p2_A_deepseek_s2_g0: complete
  [have] p2_A_deepseek_s2_g1: complete
  [have] p2_A_deepseek_s2_g2: complete
  [have] p2_A_deepseek_s2_g3: complete
  [have] p2_A_deepseek_s2_g4: complete
  [have] p2_A_deepseek_s2_g5: complete
  [have] p2_A_deepseek_s2_g6: complete
  [have] p2_A_deepseek_s2_g7: complete
  [have] p2_A_ernie_s2_g0: complete
  [have] p2_A_ernie_s2_g1: complete
  [have] p2_A_ernie_s2_g2: complete
    p2_A_ernie_s2_g3: 100/118 acc=0.530
  [done] p2_A_ernie_s2_g3: official_acc=0.542 on 118 new cells
    p2_A_ernie_s2_g4: 100/1169 acc=0.560
    p2_A_ernie_s2_g4: 200/1169 acc=0.615
    p2_A_ernie_s2_g4: 300/1169 acc=0.630
    p2_A_ernie_s2_g4: 400/1169 acc=0.630
    p2_A_ernie_s2_g4: 500/1169 acc=0.644
    p2_A_ernie_s2_g4: 600/1169 acc=0.647
    p2_A_ernie_s2_g4: 700/1169 acc=0.667
    p2_A_ernie_s2_g4: 800/1169 acc=0.686
    p2_A_ernie_s2_g4: 900/1169 acc=0.693
    p2_A_ernie_s2_g4: 1000/1169 acc=0.674
    p2_A_ernie_s2_g4: 1100/1169 acc=0.664
  [done] p2_A_ernie_s2_g4: official_acc=0.657 on 1169 new cells
    p2_A_ernie_s2_g5: 100/1169 acc=0.600
    p2_A_ernie_s2_g5: 200/1169 acc=0.635
    p2_A_ernie_s2_g5: 300/1169 acc=0.633
    p2_A_ernie_s2_g5: 400/1169 acc=0.640
    p2_A_ernie_s2_g5: 500/1169 acc=0.656
    p2_A_ernie_s2_g5: 600/1169 acc=0.657
    p2_A_ernie_s2_g5: 700/1169 acc=0.677
    p2_A_ernie_s2_g5: 800/1169 acc=0.691
    p2_A_ernie_s2_g5: 900/1169 acc=0.699
    p2_A_ernie_s2_g5: 1000/1169 acc=0.679
    p2_A_ernie_s2_g5: 1100/1169 acc=0.666
  [done] p2_A_ernie_s2_g5: official_acc=0.659 on 1169 new cells
    p2_A_ernie_s2_g6: 100/1169 acc=0.600
    p2_A_ernie_s2_g6: 200/1169 acc=0.625
    p2_A_ernie_s2_g6: 300/1169 acc=0.640
    p2_A_ernie_s2_g6: 400/1169 acc=0.637
    p2_A_ernie_s2_g6: 500/1169 acc=0.638
    p2_A_ernie_s2_g6: 600/1169 acc=0.640
    p2_A_ernie_s2_g6: 700/1169 acc=0.666
    p2_A_ernie_s2_g6: 800/1169 acc=0.686
    p2_A_ernie_s2_g6: 900/1169 acc=0.697
    p2_A_ernie_s2_g6: 1000/1169 acc=0.674
    p2_A_ernie_s2_g6: 1100/1169 acc=0.663
  [done] p2_A_ernie_s2_g6: official_acc=0.657 on 1169 new cells
    p2_A_ernie_s2_g7: 100/1169 acc=0.570
    p2_A_ernie_s2_g7: 200/1169 acc=0.610
    p2_A_ernie_s2_g7: 300/1169 acc=0.637
    p2_A_ernie_s2_g7: 400/1169 acc=0.645
    p2_A_ernie_s2_g7: 500/1169 acc=0.650
    p2_A_ernie_s2_g7: 600/1169 acc=0.648
    p2_A_ernie_s2_g7: 700/1169 acc=0.664
    p2_A_ernie_s2_g7: 800/1169 acc=0.684
    p2_A_ernie_s2_g7: 900/1169 acc=0.690
    p2_A_ernie_s2_g7: 1000/1169 acc=0.670
    p2_A_ernie_s2_g7: 1100/1169 acc=0.660
