[collect] solver cache BYPASSED
[collect] 0 cells already recorded in r2_cacheoff_D.jsonl
[collect] 400 tasks over 9 databases | target=GLM-5.3-Flash
    p2_D_deepseek_s0_repair: 100/400 acc=0.640
    p2_D_deepseek_s0_repair: 200/400 acc=0.625
    p2_D_deepseek_s0_repair: 300/400 acc=0.680
    p2_D_deepseek_s0_repair: 400/400 acc=0.642
  [done] p2_D_deepseek_s0_repair: official_acc=0.642 on 400 new cells
    p2_D_deepseek_s0_vote3: 100/400 acc=0.630
    p2_D_deepseek_s0_vote3: 200/400 acc=0.610
    p2_D_deepseek_s0_vote3: 300/400 acc=0.687
    p2_D_deepseek_s0_vote3: 400/400 acc=0.635
  [done] p2_D_deepseek_s0_vote3: official_acc=0.635 on 400 new cells
    p2_D_deepseek_s1_repair: 100/400 acc=0.650
    p2_D_deepseek_s1_repair: 200/400 acc=0.635
    p2_D_deepseek_s1_repair: 300/400 acc=0.710
    p2_D_deepseek_s1_repair: 400/400 acc=0.662
  [done] p2_D_deepseek_s1_repair: official_acc=0.662 on 400 new cells
    p2_D_deepseek_s1_vote3: 100/400 acc=0.580
    p2_D_deepseek_s1_vote3: 200/400 acc=0.615
    p2_D_deepseek_s1_vote3: 300/400 acc=0.673
    p2_D_deepseek_s1_vote3: 400/400 acc=0.630
  [done] p2_D_deepseek_s1_vote3: official_acc=0.630 on 400 new cells
    p2_D_deepseek_s2_repair: 100/400 acc=0.640
    p2_D_deepseek_s2_repair: 200/400 acc=0.635
    p2_D_deepseek_s2_repair: 300/400 acc=0.693
    p2_D_deepseek_s2_repair: 400/400 acc=0.635
  [done] p2_D_deepseek_s2_repair: official_acc=0.635 on 400 new cells
    p2_D_deepseek_s2_vote3: 100/400 acc=0.590
    p2_D_deepseek_s2_vote3: 200/400 acc=0.620
    p2_D_deepseek_s2_vote3: 300/400 acc=0.683
    p2_D_deepseek_s2_vote3: 400/400 acc=0.635
  [done] p2_D_deepseek_s2_vote3: official_acc=0.635 on 400 new cells
    p2_D_ernie_s0_repair: 100/400 acc=0.640
    p2_D_ernie_s0_repair: 200/400 acc=0.640
    p2_D_ernie_s0_repair: 300/400 acc=0.690
    p2_D_ernie_s0_repair: 400/400 acc=0.645
  [done] p2_D_ernie_s0_repair: official_acc=0.645 on 400 new cells
    p2_D_ernie_s0_vote3: 100/400 acc=0.620
    p2_D_ernie_s0_vote3: 200/400 acc=0.640
    p2_D_ernie_s0_vote3: 300/400 acc=0.687
    p2_D_ernie_s0_vote3: 400/400 acc=0.635
  [done] p2_D_ernie_s0_vote3: official_acc=0.635 on 400 new cells
    p2_D_ernie_s1_repair: 100/400 acc=0.630
    p2_D_ernie_s1_repair: 200/400 acc=0.620
    p2_D_ernie_s1_repair: 300/400 acc=0.677
    p2_D_ernie_s1_repair: 400/400 acc=0.635
  [done] p2_D_ernie_s1_repair: official_acc=0.635 on 400 new cells
    p2_D_ernie_s1_vote3: 100/400 acc=0.580
    p2_D_ernie_s1_vote3: 200/400 acc=0.610
    p2_D_ernie_s1_vote3: 300/400 acc=0.673
    p2_D_ernie_s1_vote3: 400/400 acc=0.627
  [done] p2_D_ernie_s1_vote3: official_acc=0.627 on 400 new cells
    p2_D_ernie_s2_repair: 100/400 acc=0.660
    p2_D_ernie_s2_repair: 200/400 acc=0.655
    p2_D_ernie_s2_repair: 300/400 acc=0.717
    p2_D_ernie_s2_repair: 400/400 acc=0.660
  [done] p2_D_ernie_s2_repair: official_acc=0.660 on 400 new cells
    p2_D_ernie_s2_vote3: 100/400 acc=0.560
    p2_D_ernie_s2_vote3: 200/400 acc=0.595
    p2_D_ernie_s2_vote3: 300/400 acc=0.660
    p2_D_ernie_s2_vote3: 400/400 acc=0.610
  [done] p2_D_ernie_s2_vote3: official_acc=0.610 on 400 new cells
    p2_D_glm_s0_repair: 100/400 acc=0.620
    p2_D_glm_s0_repair: 200/400 acc=0.635
    p2_D_glm_s0_repair: 300/400 acc=0.703
    p2_D_glm_s0_repair: 400/400 acc=0.650
  [done] p2_D_glm_s0_repair: official_acc=0.650 on 400 new cells
    p2_D_glm_s0_two_view: 100/400 acc=0.660
    p2_D_glm_s0_two_view: 200/400 acc=0.665
    p2_D_glm_s0_two_view: 300/400 acc=0.720
    p2_D_glm_s0_two_view: 400/400 acc=0.662
  [done] p2_D_glm_s0_two_view: official_acc=0.662 on 400 new cells
    p2_D_glm_s1_repair: 100/400 acc=0.650
    p2_D_glm_s1_repair: 200/400 acc=0.620
    p2_D_glm_s1_repair: 300/400 acc=0.697
    p2_D_glm_s1_repair: 400/400 acc=0.645
  [done] p2_D_glm_s1_repair: official_acc=0.645 on 400 new cells
    p2_D_glm_s1_two_view: 100/400 acc=0.580
    p2_D_glm_s1_two_view: 200/400 acc=0.590
    p2_D_glm_s1_two_view: 300/400 acc=0.673
    p2_D_glm_s1_two_view: 400/400 acc=0.620
  [done] p2_D_glm_s1_two_view: official_acc=0.620 on 400 new cells
    p2_D_glm_s2_repair: 100/400 acc=0.650
    p2_D_glm_s2_repair: 200/400 acc=0.645
    p2_D_glm_s2_repair: 300/400 acc=0.713
    p2_D_glm_s2_repair: 400/400 acc=0.662
  [done] p2_D_glm_s2_repair: official_acc=0.662 on 400 new cells
    p2_D_glm_s2_vote3: 100/400 acc=0.660
    p2_D_glm_s2_vote3: 200/400 acc=0.665
    p2_D_glm_s2_vote3: 300/400 acc=0.717
    p2_D_glm_s2_vote3: 400/400 acc=0.665
  [done] p2_D_glm_s2_vote3: official_acc=0.665 on 400 new cells
    p2_D_kimi_s0_repair: 100/400 acc=0.660
    p2_D_kimi_s0_repair: 200/400 acc=0.625
    p2_D_kimi_s0_repair: 300/400 acc=0.700
    p2_D_kimi_s0_repair: 400/400 acc=0.652
  [done] p2_D_kimi_s0_repair: official_acc=0.652 on 400 new cells
    p2_D_kimi_s0_vote3: 100/400 acc=0.580
    p2_D_kimi_s0_vote3: 200/400 acc=0.605
    p2_D_kimi_s0_vote3: 300/400 acc=0.670
    p2_D_kimi_s0_vote3: 400/400 acc=0.620
  [done] p2_D_kimi_s0_vote3: official_acc=0.620 on 400 new cells
    p2_D_kimi_s1_vote3: 100/400 acc=0.610
    p2_D_kimi_s1_vote3: 200/400 acc=0.620
    p2_D_kimi_s1_vote3: 300/400 acc=0.687
    p2_D_kimi_s1_vote3: 400/400 acc=0.627
  [done] p2_D_kimi_s1_vote3: official_acc=0.627 on 400 new cells
    p2_D_kimi_s1_two_view: 100/400 acc=0.640
    p2_D_kimi_s1_two_view: 200/400 acc=0.645
    p2_D_kimi_s1_two_view: 300/400 acc=0.703
    p2_D_kimi_s1_two_view: 400/400 acc=0.655
  [done] p2_D_kimi_s1_two_view: official_acc=0.655 on 400 new cells
    p2_D_kimi_s2_repair: 100/400 acc=0.660
    p2_D_kimi_s2_repair: 200/400 acc=0.640
    p2_D_kimi_s2_repair: 300/400 acc=0.693
    p2_D_kimi_s2_repair: 400/400 acc=0.645
  [done] p2_D_kimi_s2_repair: official_acc=0.645 on 400 new cells
    p2_D_kimi_s2_two_view: 100/400 acc=0.660
    p2_D_kimi_s2_two_view: 200/400 acc=0.660
    p2_D_kimi_s2_two_view: 300/400 acc=0.710
    p2_D_kimi_s2_two_view: 400/400 acc=0.657
  [done] p2_D_kimi_s2_two_view: official_acc=0.657 on 400 new cells
    p2_D_minimax_s0_repair: 100/400 acc=0.640
    p2_D_minimax_s0_repair: 200/400 acc=0.665
    p2_D_minimax_s0_repair: 300/400 acc=0.713
    p2_D_minimax_s0_repair: 400/400 acc=0.665
  [done] p2_D_minimax_s0_repair: official_acc=0.665 on 400 new cells
    p2_D_minimax_s0_vote3: 100/400 acc=0.440
    p2_D_minimax_s0_vote3: 200/400 acc=0.400
    p2_D_minimax_s0_vote3: 300/400 acc=0.400
    p2_D_minimax_s0_vote3: 400/400 acc=0.352
  [done] p2_D_minimax_s0_vote3: official_acc=0.352 on 400 new cells
    p2_D_minimax_s1_repair: 100/400 acc=0.640
    p2_D_minimax_s1_repair: 200/400 acc=0.650
    p2_D_minimax_s1_repair: 300/400 acc=0.707
    p2_D_minimax_s1_repair: 400/400 acc=0.655
  [done] p2_D_minimax_s1_repair: official_acc=0.655 on 400 new cells
    p2_D_minimax_s1_vote3: 100/400 acc=0.400
    p2_D_minimax_s1_vote3: 200/400 acc=0.405
    p2_D_minimax_s1_vote3: 300/400 acc=0.403
    p2_D_minimax_s1_vote3: 400/400 acc=0.352
  [done] p2_D_minimax_s1_vote3: official_acc=0.352 on 400 new cells
    p2_D_minimax_s2_repair: 100/400 acc=0.630
    p2_D_minimax_s2_repair: 200/400 acc=0.630
    p2_D_minimax_s2_repair: 300/400 acc=0.697
    p2_D_minimax_s2_repair: 400/400 acc=0.645
  [done] p2_D_minimax_s2_repair: official_acc=0.645 on 400 new cells
    p2_D_minimax_s2_vote3: 100/400 acc=0.450
    p2_D_minimax_s2_vote3: 200/400 acc=0.405
    p2_D_minimax_s2_vote3: 300/400 acc=0.400
    p2_D_minimax_s2_vote3: 400/400 acc=0.350
  [done] p2_D_minimax_s2_vote3: official_acc=0.350 on 400 new cells
    p2_D_qwen_s0_repair: 100/400 acc=0.630
    p2_D_qwen_s0_repair: 200/400 acc=0.635
    p2_D_qwen_s0_repair: 300/400 acc=0.703
    p2_D_qwen_s0_repair: 400/400 acc=0.650
  [done] p2_D_qwen_s0_repair: official_acc=0.650 on 400 new cells
    p2_D_qwen_s0_vote3: 100/400 acc=0.620
    p2_D_qwen_s0_vote3: 200/400 acc=0.605
    p2_D_qwen_s0_vote3: 300/400 acc=0.673
    p2_D_qwen_s0_vote3: 400/400 acc=0.625
  [done] p2_D_qwen_s0_vote3: official_acc=0.625 on 400 new cells
    p2_D_qwen_s1_repair: 100/400 acc=0.650
    p2_D_qwen_s1_repair: 200/400 acc=0.650
    p2_D_qwen_s1_repair: 300/400 acc=0.710
    p2_D_qwen_s1_repair: 400/400 acc=0.657
  [done] p2_D_qwen_s1_repair: official_acc=0.657 on 400 new cells
    p2_D_qwen_s1_vote3: 100/400 acc=0.620
    p2_D_qwen_s1_vote3: 200/400 acc=0.645
    p2_D_qwen_s1_vote3: 300/400 acc=0.707
    p2_D_qwen_s1_vote3: 400/400 acc=0.652
  [done] p2_D_qwen_s1_vote3: official_acc=0.652 on 400 new cells
    p2_D_qwen_s2_repair: 100/400 acc=0.640
    p2_D_qwen_s2_repair: 200/400 acc=0.635
    p2_D_qwen_s2_repair: 300/400 acc=0.697
    p2_D_qwen_s2_repair: 400/400 acc=0.645
  [done] p2_D_qwen_s2_repair: official_acc=0.645 on 400 new cells
    p2_D_qwen_s2_vote3: 100/400 acc=0.650
    p2_D_qwen_s2_vote3: 200/400 acc=0.660
    p2_D_qwen_s2_vote3: 300/400 acc=0.710
    p2_D_qwen_s2_vote3: 400/400 acc=0.657
  [done] p2_D_qwen_s2_vote3: official_acc=0.657 on 400 new cells
[collect] wrote E:\projects\AI4AI-Harness\artifacts\phase2\r2_cacheoff_D.jsonl
