[collect] 0 cells already recorded in bc_s2.jsonl
[collect] 400 tasks over 9 databases | target=GLM-5.3-Flash
    p2_B_deepseek_s2_g0: 100/400 acc=0.640
    p2_B_deepseek_s2_g0: 200/400 acc=0.625
    p2_B_deepseek_s2_g0: 300/400 acc=0.683
    p2_B_deepseek_s2_g0: 400/400 acc=0.623
  [done] p2_B_deepseek_s2_g0: official_acc=0.623 on 400 new cells
    p2_B_deepseek_s2_g1: 100/400 acc=0.630
    p2_B_deepseek_s2_g1: 200/400 acc=0.630
    p2_B_deepseek_s2_g1: 300/400 acc=0.693
    p2_B_deepseek_s2_g1: 400/400 acc=0.640
  [done] p2_B_deepseek_s2_g1: official_acc=0.640 on 400 new cells
    p2_B_deepseek_s2_g2: 100/400 acc=0.700
    p2_B_deepseek_s2_g2: 200/400 acc=0.640
    p2_B_deepseek_s2_g2: 300/400 acc=0.700
    p2_B_deepseek_s2_g2: 400/400 acc=0.645
  [done] p2_B_deepseek_s2_g2: official_acc=0.645 on 400 new cells
    p2_B_deepseek_s2_g3: 100/400 acc=0.620
    p2_B_deepseek_s2_g3: 200/400 acc=0.635
    p2_B_deepseek_s2_g3: 300/400 acc=0.700
    p2_B_deepseek_s2_g3: 400/400 acc=0.647
  [done] p2_B_deepseek_s2_g3: official_acc=0.647 on 400 new cells
    p2_B_deepseek_s2_g4: 100/400 acc=0.620
    p2_B_deepseek_s2_g4: 200/400 acc=0.625
    p2_B_deepseek_s2_g4: 300/400 acc=0.693
    p2_B_deepseek_s2_g4: 400/400 acc=0.650
  [done] p2_B_deepseek_s2_g4: official_acc=0.650 on 400 new cells
    p2_B_deepseek_s2_g5: 100/400 acc=0.630
    p2_B_deepseek_s2_g5: 200/400 acc=0.630
    p2_B_deepseek_s2_g5: 300/400 acc=0.700
    p2_B_deepseek_s2_g5: 400/400 acc=0.655
  [done] p2_B_deepseek_s2_g5: official_acc=0.655 on 400 new cells
    p2_B_deepseek_s2_g6: 100/400 acc=0.620
    p2_B_deepseek_s2_g6: 200/400 acc=0.625
    p2_B_deepseek_s2_g6: 300/400 acc=0.700
    p2_B_deepseek_s2_g6: 400/400 acc=0.652
  [done] p2_B_deepseek_s2_g6: official_acc=0.652 on 400 new cells
    p2_B_deepseek_s2_g7: 100/400 acc=0.660
    p2_B_deepseek_s2_g7: 200/400 acc=0.625
    p2_B_deepseek_s2_g7: 300/400 acc=0.690
    p2_B_deepseek_s2_g7: 400/400 acc=0.645
  [done] p2_B_deepseek_s2_g7: official_acc=0.645 on 400 new cells
    p2_B_ernie_s2_g0: 100/400 acc=0.620
    p2_B_ernie_s2_g0: 200/400 acc=0.630
    p2_B_ernie_s2_g0: 300/400 acc=0.693
    p2_B_ernie_s2_g0: 400/400 acc=0.647
  [done] p2_B_ernie_s2_g0: official_acc=0.647 on 400 new cells
    p2_B_ernie_s2_g1: 100/400 acc=0.660
    p2_B_ernie_s2_g1: 200/400 acc=0.630
    p2_B_ernie_s2_g1: 300/400 acc=0.683
    p2_B_ernie_s2_g1: 400/400 acc=0.632
  [done] p2_B_ernie_s2_g1: official_acc=0.632 on 400 new cells
    p2_B_ernie_s2_g2: 100/400 acc=0.630
    p2_B_ernie_s2_g2: 200/400 acc=0.630
    p2_B_ernie_s2_g2: 300/400 acc=0.680
    p2_B_ernie_s2_g2: 400/400 acc=0.630
  [done] p2_B_ernie_s2_g2: official_acc=0.630 on 400 new cells
    p2_B_ernie_s2_g3: 100/400 acc=0.610
    p2_B_ernie_s2_g3: 200/400 acc=0.610
    p2_B_ernie_s2_g3: 300/400 acc=0.667
    p2_B_ernie_s2_g3: 400/400 acc=0.623
  [done] p2_B_ernie_s2_g3: official_acc=0.623 on 400 new cells
    p2_B_ernie_s2_g4: 100/400 acc=0.640
    p2_B_ernie_s2_g4: 200/400 acc=0.665
    p2_B_ernie_s2_g4: 300/400 acc=0.717
    p2_B_ernie_s2_g4: 400/400 acc=0.660
  [done] p2_B_ernie_s2_g4: official_acc=0.660 on 400 new cells
    p2_B_ernie_s2_g5: 100/400 acc=0.650
    p2_B_ernie_s2_g5: 200/400 acc=0.635
    p2_B_ernie_s2_g5: 300/400 acc=0.683
    p2_B_ernie_s2_g5: 400/400 acc=0.647
  [done] p2_B_ernie_s2_g5: official_acc=0.647 on 400 new cells
    p2_B_ernie_s2_g6: 100/400 acc=0.610
    p2_B_ernie_s2_g6: 200/400 acc=0.630
    p2_B_ernie_s2_g6: 300/400 acc=0.693
    p2_B_ernie_s2_g6: 400/400 acc=0.642
  [done] p2_B_ernie_s2_g6: official_acc=0.642 on 400 new cells
    p2_B_ernie_s2_g7: 100/400 acc=0.620
    p2_B_ernie_s2_g7: 200/400 acc=0.615
    p2_B_ernie_s2_g7: 300/400 acc=0.680
    p2_B_ernie_s2_g7: 400/400 acc=0.640
  [done] p2_B_ernie_s2_g7: official_acc=0.640 on 400 new cells
    p2_B_glm_s2_g1: 100/400 acc=0.640
