[17:31:19] seed2=0/24 collection_rows=69
[17:36:19] seed2=0/24 collection_rows=239
[17:41:19] seed2=0/24 collection_rows=801
[17:46:20] seed2=1/24 collection_rows=870
[17:51:20] seed2=1/24 collection_rows=870
[17:56:20] seed2=1/24 collection_rows=870
[18:01:20] seed2=1/24 collection_rows=870
[18:06:20] seed2=1/24 collection_rows=870
[18:11:20] seed2=1/24 collection_rows=870
[18:16:20] seed2=1/24 collection_rows=870
[18:21:21] seed2=1/24 collection_rows=870
[18:26:21] seed2=1/24 collection_rows=870
[18:31:21] seed2=1/24 collection_rows=870
[18:36:21] seed2=3/24 collection_rows=870
[18:41:21] seed2=4/24 collection_rows=870
[18:46:21] seed2=6/24 collection_rows=870
[18:51:21] seed2=6/24 collection_rows=870
[18:56:22] seed2=6/24 collection_rows=870
[19:01:22] seed2=6/24 collection_rows=870
[19:06:22] seed2=6/24 collection_rows=870
[19:11:22] seed2=7/24 collection_rows=870
[19:16:22] seed2=7/24 collection_rows=870
[19:21:22] seed2=7/24 collection_rows=870
[19:26:23] seed2=7/24 collection_rows=870
[19:31:23] seed2=7/24 collection_rows=870
[19:36:23] seed2=7/24 collection_rows=870
[19:41:23] seed2=7/24 collection_rows=870
[19:46:23] seed2=8/24 collection_rows=870
[19:51:23] seed2=9/24 collection_rows=870
[19:56:24] seed2=11/24 collection_rows=870
[20:01:24] seed2=12/24 collection_rows=870
[20:06:24] seed2=12/24 collection_rows=870
[20:11:24] seed2=12/24 collection_rows=870
[20:16:24] seed2=12/24 collection_rows=870
[20:21:24] seed2=13/24 collection_rows=870
[20:26:25] seed2=13/24 collection_rows=870
[20:31:25] seed2=13/24 collection_rows=870
[20:36:25] seed2=13/24 collection_rows=870
[20:41:25] seed2=13/24 collection_rows=870
[20:46:25] seed2=13/24 collection_rows=870
[20:51:25] seed2=13/24 collection_rows=870
[20:56:26] seed2=13/24 collection_rows=870
[21:01:26] seed2=13/24 collection_rows=870
[21:06:26] seed2=14/24 collection_rows=870
[21:11:26] seed2=15/24 collection_rows=870
[21:16:26] seed2=15/24 collection_rows=870
[21:21:26] seed2=15/24 collection_rows=870
[21:26:27] seed2=15/24 collection_rows=870
[21:31:27] seed2=15/24 collection_rows=870
[21:36:27] seed2=16/24 collection_rows=870
[21:41:27] seed2=17/24 collection_rows=870
[21:46:27] seed2=18/24 collection_rows=870
[21:51:27] seed2=18/24 collection_rows=870
[21:56:28] seed2=18/24 collection_rows=870
[22:01:28] seed2=18/24 collection_rows=870
[22:06:28] seed2=18/24 collection_rows=870
[22:11:28] seed2=18/24 collection_rows=870
[22:16:28] seed2=18/24 collection_rows=870
[22:21:28] seed2=19/24 collection_rows=870
[22:26:29] seed2=19/24 collection_rows=870
[22:31:29] seed2=19/24 collection_rows=870
[22:36:29] seed2=19/24 collection_rows=870
[22:41:29] seed2=19/24 collection_rows=870
[22:46:29] seed2=19/24 collection_rows=870
[22:51:29] seed2=19/24 collection_rows=870
[22:56:29] seed2=19/24 collection_rows=870
[23:01:30] seed2=19/24 collection_rows=870
[23:06:30] seed2=19/24 collection_rows=870
[23:11:30] seed2=20/24 collection_rows=870
[23:16:30] seed2=20/24 collection_rows=870
[23:21:30] seed2=21/24 collection_rows=870
[23:26:30] seed2=21/24 collection_rows=870
[23:31:31] seed2=21/24 collection_rows=870
[23:36:31] seed2=21/24 collection_rows=870
[23:41:31] seed2=21/24 collection_rows=870
[23:46:31] seed2=22/24 collection_rows=870
[23:51:31] seed2=23/24 collection_rows=870
[23:56:31] seed2=23/24 collection_rows=870
[00:01:32] seed2=23/24 collection_rows=870
[00:06:32] seed2=24/24 collection_rows=870
[00:06:32] seed-2 generation COMPLETE (24/24)
seed-2 A/D harnesses to collect: 56
p2_A_deepseek_s2_g0,p2_A_deepseek_s2_g1,p2_A_deepseek_s2_g2,p2_A_deepseek_s2_g3,p2_A_deepseek_s2_g4,p2_A_deepseek_s2_g5,p2_A_deepseek_s2_g6,p2_A_deepseek_s2_g7,p2_A_ernie_s2_g0,p2_A_ernie_s2_g1,p2_A_ernie_s2_g2,p2_A_ernie_s2_g3,p2_A_ernie_s2_g4,p2_A_ernie_s2_g5,p2_A_ernie_s2_g6,p2_A_ernie_s2_g7,p2_A_glm_s2_g1,p2_A_glm_s2_g3,p2_A_kimi_s2_g1,p2_A_kimi_s2_g2,p2_A_kimi_s2_g3,p2_A_kimi_s2_g4,p2_A_kimi_s2_g5,p2_A_kimi_s2_g6,p2_A_kimi_s2_g7,p2_A_minimax_s2_g0,p2_A_minimax_s2_g1,p2_A_minimax_s2_g3,p2_A_minimax_s2_g4,p2_A_minimax_s2_g5,p2_A_minimax_s2_g6,p2_A_minimax_s2_g7,p2_A_qwen_s2_g2,p2_A_qwen_s2_g7,p2_D_deepseek_s2_repair,p2_D_deepseek_s2_vote3,p2_D_deepseek_s2_two_view,p2_D_deepseek_s2_error_classify,p2_D_ernie_s2_repair,p2_D_ernie_s2_vote3,p2_D_ernie_s2_schema_link,p2_D_ernie_s2_two_view,p2_D_ernie_s2_error_classify,p2_D_glm_s2_repair,p2_D_glm_s2_vote3,p2_D_kimi_s2_repair,p2_D_kimi_s2_two_view,p2_D_kimi_s2_decompose,p2_D_minimax_s2_repair,p2_D_minimax_s2_vote3,p2_D_minimax_s2_two_view,p2_D_minimax_s2_decompose,p2_D_minimax_s2_error_classify,p2_D_qwen_s2_repair,p2_D_qwen_s2_vote3,p2_D_qwen_s2_two_view
[00:06:32] watchdog exiting; run the seed-2 append manually per the printed harness list
