\BOOKMARK [1][-]{section.1}{\376\377\137\025\212\000}{}% 1
\BOOKMARK [1][-]{section.2}{\376\377\166\370\121\163\135\345\117\134}{}% 2
\BOOKMARK [2][-]{subsection.2.1}{\376\377\227\142\124\021\000\040\000L\000L\000M\000\040\166\204\000\040\000h\000a\000r\000n\000e\000s\000s\000\040\165\037\142\020}{section.2}% 3
\BOOKMARK [2][-]{subsection.2.2}{\376\377\000H\000a\000r\000n\000e\000s\000s\000\040\166\204\147\141\116\366\145\110\165\050\116\016\215\357\165\061}{section.2}% 4
\BOOKMARK [2][-]{subsection.2.3}{\376\377\000L\000L\000M\000\040\171\315\177\244\166\204\210\114\116\072\131\032\150\067\140\047}{section.2}% 5
\BOOKMARK [1][-]{section.3}{\376\377\000P\000h\000a\000s\000e\000\040\000I\377\032\127\115\177\051\166\204\155\113\221\317\116\016\213\312\145\255\377\010\123\321\163\260\170\024\172\166\377\011}{}% 6
\BOOKMARK [2][-]{subsection.3.1}{\376\377\000H\000a\000r\000n\000e\000s\000s\060\001\176\323\147\234\116\016\116\011\230\171\143\007\150\007}{section.3}% 7
\BOOKMARK [2][-]{subsection.3.2}{\376\377\127\115\177\051\166\204\221\317\123\026}{section.3}% 8
\BOOKMARK [2][-]{subsection.3.3}{\376\377\217\150\217\371\122\006\174\173\377\032\116\343\170\001\131\032\150\067\140\047\116\072\117\125\147\052\217\154\123\026\116\072\210\114\116\072\131\032\150\067\140\047}{section.3}% 9
\BOOKMARK [2][-]{subsection.3.4}{\376\377\116\272\135\345\153\143\143\247\122\066\377\032\211\302\155\113\143\320\123\107\172\172\225\364}{section.3}% 10
\BOOKMARK [2][-]{subsection.3.5}{\376\377\000P\000h\000a\000s\000e\000-\000I\000\040\123\117\213\256\143\242\147\345\123\312\134\100\226\120}{section.3}% 11
\BOOKMARK [1][-]{section.4}{\376\377\000P\000h\000a\000s\000e\000\040\000I\000I\377\032\232\214\213\301\140\047\165\037\142\020\170\024\172\166\377\010\213\276\213\241\377\011}{}% 12
\BOOKMARK [2][-]{subsection.4.1}{\376\377\213\276\213\241}{section.4}% 13
\BOOKMARK [2][-]{subsection.4.2}{\376\377\121\273\176\323\122\006\147\220\213\241\122\022}{section.4}% 14
\BOOKMARK [1][-]{section.5}{\376\377\000P\000h\000a\000s\000e\000\040\000I\000I\377\032\176\323\147\234}{}% 15
\BOOKMARK [2][-]{subsection.5.1}{\376\377\123\237\225\350\143\247\133\236\232\214\166\204\117\356\153\143\221\315\122\006\147\220}{section.5}% 16
\BOOKMARK [2][-]{subsection.5.2}{\376\377\147\220\126\340\145\110\136\224\116\016\176\335\133\371\210\150\163\260}{section.5}% 17
\BOOKMARK [2][-]{subsection.5.3}{\376\377\142\147\210\114\154\342\122\250\116\016\172\063\133\232\116\222\210\145\140\047\225\356\230\230}{section.5}% 18
\BOOKMARK [2][-]{subsection.5.4}{\376\377\215\357\165\061\116\016\143\242\175\042\140\047\220\011\142\351}{section.5}% 19
\BOOKMARK [1][-]{section.6}{\376\377\213\250\213\272\116\016\176\323\213\272}{}% 20
\BOOKMARK [1][-]{section.A}{\376\377\000P\000h\000a\000s\000e\000-\000I\000\040\147\145\156\220\116\016\147\141\116\366\213\346\217\360}{}% 21
\BOOKMARK [1][-]{section.B}{\376\377\000P\000h\000a\000s\000e\000-\000I\000I\000\040\123\117\213\256\144\130\211\201\116\016\120\117\135\356\145\345\137\327}{}% 22
\BOOKMARK [1][-]{section.C}{\376\377\143\242\175\042\140\047\143\007\176\271\116\016\220\011\142\351\122\006\147\220}{}% 23
\BOOKMARK [1][-]{section.D}{\376\377\000P\000h\000a\000s\000e\000-\000I\000\040\210\145\121\105\176\323\147\234}{}% 24
\BOOKMARK [1][-]{section.E}{\376\377\152\041\127\213\116\016\162\110\147\054}{}% 25
\BOOKMARK [1][-]{section.F}{\376\377\000P\000h\000a\000s\000e\000-\000I\000\040\217\150\217\371\133\241\150\070\133\236\117\213}{}% 26
\BOOKMARK [1][-]{section.G}{\376\377\162\354\172\313\147\204\220\040\166\204\116\352\126\150\143\247\122\066\226\306}{}% 27
\BOOKMARK [1][-]{section.H}{\376\377\215\350\230\206\127\337\221\315\131\015\377\032\000M\000A\000T\000H\000-\0005\0000\0000\000\040\134\017\127\213\133\241\150\070}{}% 28
