perl: warning: Setting locale failed.
perl: warning: Please check that your locale settings:
	LC_ALL = "C.UTF-8",
	LC_CTYPE = "C",
	LC_NUMERIC = "C",
	LC_COLLATE = "C",
	LC_TIME = (unset),
	LC_MONETARY = (unset),
	LANG = "C.UTF-8"
    are supported and installed on your system.
perl: warning: Falling back to the system default locale ("Chinese (Simplified)_China.936").
Initial Win CP for (console input, console output, system): (CP65001, CP65001, CP936)
I changed them all to CP936
Rc files read (in order):
  NONE
Latexmk: This is Latexmk, John Collins, 9 March 2026. Version 4.88.
Latexmk: Nothing to do for 'main.tex'.
Latexmk: All targets (main.xdv main.pdf) are up-to-date
Collected error summary (may duplicate other messages):
  xelatex: gave an error in previous invocation of latexmk.

Latexmk: Sometimes, the -f option can be used to get latexmk
  to try to force complete processing.
  But normally, you will need to correct the file(s) that caused the
  error, and then rerun latexmk.
  In some cases, it is best to clean out generated files before rerunning
  latexmk after you've corrected the files.
Reverting Windows console CPs to (in,out) = (65001,65001)
D:\texlive\2026\bin\windows\runscript.tlu:933: command failed with exit code 12:
perl.exe d:\texlive\2026\texmf-dist\scripts\latexmk\latexmk.pl -xelatex -interaction=nonstopmode -halt-on-error main.tex
