[gen] builder=minimax(MiniMax-M3) arm=A seed=0 gate=False forced=False slots=8 raw_budget=3/slot
  p2_A_minimax_s0_g0                       ADMIT  nv=1/1 mech=0 
  p2_A_minimax_s0_g1                       ADMIT  nv=1/2 mech=0 
  p2_A_minimax_s0_g2                       empty  nv=0/3 mech=0 no python fence
  p2_A_minimax_s0_g3                       ADMIT  nv=1/1 mech=0 
  p2_A_minimax_s0_g4                       ADMIT  nv=1/1 mech=0 
  p2_A_minimax_s0_g5                       ADMIT  nv=1/1 mech=0 
  p2_A_minimax_s0_g6                       empty  nv=0/3 mech=0 
  p2_A_minimax_s0_g7                       empty  nv=0/3 mech=0 no python fence
[gen] K=5/8 admitted | R_artifact=0.3333 R_contract=0.0 R_fidelity=0.0 -> E:\projects\AI4AI-Harness\artifacts\phase2\gen\A_minimax_s0.json
[gen] builder=minimax(MiniMax-M3) arm=B seed=0 gate=True forced=False slots=8 raw_budget=3/slot
  p2_B_minimax_s0_g0                       ADMIT  nv=1/2 mech=1 PASS
  p2_B_minimax_s0_g1                       ADMIT  nv=1/2 mech=1 PASS
  p2_B_minimax_s0_g2                       ADMIT  nv=1/2 mech=1 PASS
  p2_B_minimax_s0_g3                       empty  nv=0/3 mech=0 no python fence
  p2_B_minimax_s0_g4                       ADMIT  nv=1/1 mech=1 PASS
  p2_B_minimax_s0_g5                       ADMIT  nv=1/1 mech=1 PASS
  p2_B_minimax_s0_g6                       ADMIT  nv=2/3 mech=1 PASS
  p2_B_minimax_s0_g7                       empty  nv=0/3 mech=0 no python fence
[gen] K=6/8 admitted | R_artifact=0.4118 R_contract=0.4118 R_fidelity=0.8571 -> E:\projects\AI4AI-Harness\artifacts\phase2\gen\B_minimax_s0.json
[gen] builder=minimax(MiniMax-M3) arm=C seed=0 gate=False forced=True slots=8 raw_budget=3/slot
  p2_C_minimax_s0_repair                   ADMIT  nv=1/1 mech=0 
  p2_C_minimax_s0_vote3                    ADMIT  nv=1/2 mech=0 
  p2_C_minimax_s0_schema_link              ADMIT  nv=1/1 mech=0 
  p2_C_minimax_s0_hint_guard               ADMIT  nv=1/2 mech=0 
  p2_C_minimax_s0_two_view                 ADMIT  nv=1/1 mech=0 
  p2_C_minimax_s0_decompose                ADMIT  nv=1/1 mech=0 
  p2_C_minimax_s0_error_classify           ADMIT  nv=1/1 mech=0 
  p2_C_minimax_s0_format_guard             empty  nv=0/3 mech=0 
[gen] K=7/8 admitted | R_artifact=0.5833 R_contract=0.0 R_fidelity=0.0 -> E:\projects\AI4AI-Harness\artifacts\phase2\gen\C_minimax_s0.json
[gen] builder=minimax(MiniMax-M3) arm=D seed=0 gate=True forced=True slots=8 raw_budget=3/slot
  p2_D_minimax_s0_repair                   ADMIT  nv=1/3 mech=1 PASS
  p2_D_minimax_s0_vote3                    ADMIT  nv=1/2 mech=1 PASS
  p2_D_minimax_s0_schema_link              empty  nv=1/3 mech=0 
  p2_D_minimax_s0_hint_guard               empty  nv=2/3 mech=0 NO_MECHANISM_declared
  p2_D_minimax_s0_two_view                 ADMIT  nv=1/1 mech=1 PASS
  p2_D_minimax_s0_decompose                ADMIT  nv=1/1 mech=1 PASS
  p2_D_minimax_s0_error_classify           ADMIT  nv=1/1 mech=1 PASS
  p2_D_minimax_s0_format_guard             empty  nv=0/3 mech=0 
[gen] K=5/8 admitted | R_artifact=0.4706 R_contract=0.4706 R_fidelity=0.625 -> E:\projects\AI4AI-Harness\artifacts\phase2\gen\D_minimax_s0.json
