This is pdfTeX, Version 3.141592653-2.6-1.40.29 (TeX Live 2026) (preloaded format=pdflatex)
 restricted \write18 enabled.
entering extended mode
(./main.tex
LaTeX2e <2025-11-01>
L3 programming layer <2026-03-20>
(d:/texlive/2026/texmf-dist/tex/latex/base/article.cls
Document Class: article 2025/01/22 v1.4n Standard LaTeX document class
(d:/texlive/2026/texmf-dist/tex/latex/base/size10.clo))
(./iclr2027_conference.sty
(d:/texlive/2026/texmf-dist/tex/latex/eso-pic/eso-pic.sty
(d:/texlive/2026/texmf-dist/tex/latex/graphics/keyval.sty)
(d:/texlive/2026/texmf-dist/tex/latex/xcolor/xcolor.sty
(d:/texlive/2026/texmf-dist/tex/latex/graphics-cfg/color.cfg)
(d:/texlive/2026/texmf-dist/tex/latex/graphics-def/pdftex.def)
(d:/texlive/2026/texmf-dist/tex/latex/graphics/mathcolor.ltx))) (./fancyhdr.sty
) (./natbib.sty)) (d:/texlive/2026/texmf-dist/tex/latex/psnfss/times.sty)
(d:/texlive/2026/texmf-dist/tex/latex/hyperref/hyperref.sty
(d:/texlive/2026/texmf-dist/tex/generic/iftex/iftex.sty)
(d:/texlive/2026/texmf-dist/tex/latex/kvsetkeys/kvsetkeys.sty)
(d:/texlive/2026/texmf-dist/tex/generic/kvdefinekeys/kvdefinekeys.sty)
(d:/texlive/2026/texmf-dist/tex/generic/pdfescape/pdfescape.sty
(d:/texlive/2026/texmf-dist/tex/generic/ltxcmds/ltxcmds.sty)
(d:/texlive/2026/texmf-dist/tex/generic/pdftexcmds/pdftexcmds.sty
(d:/texlive/2026/texmf-dist/tex/generic/infwarerr/infwarerr.sty)))
(d:/texlive/2026/texmf-dist/tex/latex/hycolor/hycolor.sty)
(d:/texlive/2026/texmf-dist/tex/latex/hyperref/nameref.sty
(d:/texlive/2026/texmf-dist/tex/latex/refcount/refcount.sty)
(d:/texlive/2026/texmf-dist/tex/generic/gettitlestring/gettitlestring.sty
(d:/texlive/2026/texmf-dist/tex/latex/kvoptions/kvoptions.sty)))
(d:/texlive/2026/texmf-dist/tex/latex/etoolbox/etoolbox.sty)
(d:/texlive/2026/texmf-dist/tex/generic/stringenc/stringenc.sty)
(d:/texlive/2026/texmf-dist/tex/latex/hyperref/pd1enc.def)
(d:/texlive/2026/texmf-dist/tex/generic/intcalc/intcalc.sty)
(d:/texlive/2026/texmf-dist/tex/latex/hyperref/puenc.def)
(d:/texlive/2026/texmf-dist/tex/latex/url/url.sty)
(d:/texlive/2026/texmf-dist/tex/generic/bitset/bitset.sty
(d:/texlive/2026/texmf-dist/tex/generic/bigintcalc/bigintcalc.sty)))
(d:/texlive/2026/texmf-dist/tex/latex/hyperref/hpdftex.def
(d:/texlive/2026/texmf-dist/tex/latex/rerunfilecheck/rerunfilecheck.sty
(d:/texlive/2026/texmf-dist/tex/generic/uniquecounter/uniquecounter.sty)))
(d:/texlive/2026/texmf-dist/tex/latex/graphics/graphicx.sty
(d:/texlive/2026/texmf-dist/tex/latex/graphics/graphics.sty
(d:/texlive/2026/texmf-dist/tex/latex/graphics/trig.sty)
(d:/texlive/2026/texmf-dist/tex/latex/graphics-cfg/graphics.cfg)))
(d:/texlive/2026/texmf-dist/tex/latex/booktabs/booktabs.sty)
(d:/texlive/2026/texmf-dist/tex/latex/tools/array.sty)
(d:/texlive/2026/texmf-dist/tex/latex/amsmath/amsmath.sty
For additional information on amsmath, use the `?' option.
(d:/texlive/2026/texmf-dist/tex/latex/amsmath/amstext.sty
(d:/texlive/2026/texmf-dist/tex/latex/amsmath/amsgen.sty))
(d:/texlive/2026/texmf-dist/tex/latex/amsmath/amsbsy.sty)
(d:/texlive/2026/texmf-dist/tex/latex/amsmath/amsopn.sty))
(d:/texlive/2026/texmf-dist/tex/latex/amsfonts/amssymb.sty
(d:/texlive/2026/texmf-dist/tex/latex/amsfonts/amsfonts.sty))
(d:/texlive/2026/texmf-dist/tex/latex/psnfss/ot1ptm.fd)
(d:/texlive/2026/texmf-dist/tex/latex/l3backend/l3backend-pdftex.def)
(./main.aux) (d:/texlive/2026/texmf-dist/tex/context/base/mkii/supp-pdf.mkii
[Loading MPS to PDF converter (version 2006.09.02).]
) (d:/texlive/2026/texmf-dist/tex/latex/epstopdf-pkg/epstopdf-base.sty
(d:/texlive/2026/texmf-dist/tex/latex/latexconfig/epstopdf-sys.cfg))
(./main.out) (./main.out)
(d:/texlive/2026/texmf-dist/tex/latex/amsfonts/umsa.fd)
(d:/texlive/2026/texmf-dist/tex/latex/amsfonts/umsb.fd) (./sec_intro.tex
(d:/texlive/2026/texmf-dist/tex/latex/psnfss/ot1pcr.fd)
(d:/texlive/2026/texmf-dist/tex/latex/psnfss/ts1ptm.fd)
Underfull \vbox (badness 2050) has occurred while \output is active [1{d:/texli
ve/2026/texmf-var/fonts/map/pdftex/updmap/pdftex.map}{d:/texlive/2026/texmf-dis
t/fonts/enc/dvips/base/8r.enc}]) (./sec_related.tex [2]
Overfull \hbox (15.06163pt too wide) in paragraph at lines 32--47
 [][] 
(d:/texlive/2026/texmf-dist/tex/latex/psnfss/omsptm.fd)) (./sec_phase1.tex
[3] [4]) (./sec_phase2.tex
Underfull \vbox (badness 10000) has occurred while \output is active [5 <./figu
res/fig_phenomenon.pdf>])
Underfull \vbox (badness 1024) has occurred while \output is active [6]
(./sec_results.tex [7 <./figures/fig_design.pdf>]
Underfull \vbox (badness 10000) has occurred while \output is active [8 <../fig
ures/fig_results.pdf>]) (./sec_boundary.tex [9]) (./sec_discussion.tex)
(./sec_conclusion.tex [10]) (./main.bbl [11]) (./sec_appendix.tex [12])
[13] (./main.aux)

LaTeX Warning: Label(s) may have changed. Rerun to get cross-references right.

 )
(see the transcript file for additional information)<d:/texlive/2026/texmf-dist
/fonts/type1/public/amsfonts/cm/cmbx9.pfb><d:/texlive/2026/texmf-dist/fonts/typ
e1/public/amsfonts/cm/cmex10.pfb><d:/texlive/2026/texmf-dist/fonts/type1/public
/amsfonts/cm/cmmi10.pfb><d:/texlive/2026/texmf-dist/fonts/type1/public/amsfonts
/cm/cmmi7.pfb><d:/texlive/2026/texmf-dist/fonts/type1/public/amsfonts/cm/cmmi9.
pfb><d:/texlive/2026/texmf-dist/fonts/type1/public/amsfonts/cm/cmr10.pfb><d:/te
xlive/2026/texmf-dist/fonts/type1/public/amsfonts/cm/cmr5.pfb><d:/texlive/2026/
texmf-dist/fonts/type1/public/amsfonts/cm/cmr6.pfb><d:/texlive/2026/texmf-dist/
fonts/type1/public/amsfonts/cm/cmr7.pfb><d:/texlive/2026/texmf-dist/fonts/type1
/public/amsfonts/cm/cmr9.pfb><d:/texlive/2026/texmf-dist/fonts/type1/public/ams
fonts/cm/cmsy10.pfb><d:/texlive/2026/texmf-dist/fonts/type1/public/amsfonts/cm/
cmsy7.pfb><d:/texlive/2026/texmf-dist/fonts/type1/public/amsfonts/cm/cmsy9.pfb>
<d:/texlive/2026/texmf-dist/fonts/type1/urw/courier/ucrb8a.pfb><d:/texlive/2026
/texmf-dist/fonts/type1/urw/courier/ucrr8a.pfb><d:/texlive/2026/texmf-dist/font
s/type1/urw/helvetic/uhvb8a.pfb><d:/texlive/2026/texmf-dist/fonts/type1/urw/tim
es/utmb8a.pfb><d:/texlive/2026/texmf-dist/fonts/type1/urw/times/utmr8a.pfb><d:/
texlive/2026/texmf-dist/fonts/type1/urw/times/utmri8a.pfb>
Output written on main.pdf (13 pages, 330418 bytes).
Transcript written on main.log.
