This is pdfTeX, Version 3.141592653-2.6-1.40.29 (TeX Live 2026) (preloaded format=pdflatex)
 restricted \write18 enabled.
entering extended mode
(./main.tex
LaTeX2e <2025-11-01>
L3 programming layer <2026-03-20>
(d:/texlive/2026/texmf-dist/tex/latex/base/article.cls
Document Class: article 2025/01/22 v1.4n Standard LaTeX document class
(d:/texlive/2026/texmf-dist/tex/latex/base/size10.clo))
(./iclr2027_conference.sty
(d:/texlive/2026/texmf-dist/tex/latex/eso-pic/eso-pic.sty
(d:/texlive/2026/texmf-dist/tex/latex/graphics/keyval.sty)
(d:/texlive/2026/texmf-dist/tex/latex/xcolor/xcolor.sty
(d:/texlive/2026/texmf-dist/tex/latex/graphics-cfg/color.cfg)
(d:/texlive/2026/texmf-dist/tex/latex/graphics-def/pdftex.def)
(d:/texlive/2026/texmf-dist/tex/latex/graphics/mathcolor.ltx))) (./fancyhdr.sty
) (./natbib.sty)) (d:/texlive/2026/texmf-dist/tex/latex/psnfss/times.sty)
(d:/texlive/2026/texmf-dist/tex/latex/hyperref/hyperref.sty
(d:/texlive/2026/texmf-dist/tex/generic/iftex/iftex.sty)
(d:/texlive/2026/texmf-dist/tex/latex/kvsetkeys/kvsetkeys.sty)
(d:/texlive/2026/texmf-dist/tex/generic/kvdefinekeys/kvdefinekeys.sty)
(d:/texlive/2026/texmf-dist/tex/generic/pdfescape/pdfescape.sty
(d:/texlive/2026/texmf-dist/tex/generic/ltxcmds/ltxcmds.sty)
(d:/texlive/2026/texmf-dist/tex/generic/pdftexcmds/pdftexcmds.sty
(d:/texlive/2026/texmf-dist/tex/generic/infwarerr/infwarerr.sty)))
(d:/texlive/2026/texmf-dist/tex/latex/hycolor/hycolor.sty)
(d:/texlive/2026/texmf-dist/tex/latex/hyperref/nameref.sty
(d:/texlive/2026/texmf-dist/tex/latex/refcount/refcount.sty)
(d:/texlive/2026/texmf-dist/tex/generic/gettitlestring/gettitlestring.sty
(d:/texlive/2026/texmf-dist/tex/latex/kvoptions/kvoptions.sty)))
(d:/texlive/2026/texmf-dist/tex/latex/etoolbox/etoolbox.sty)
(d:/texlive/2026/texmf-dist/tex/generic/stringenc/stringenc.sty)
(d:/texlive/2026/texmf-dist/tex/latex/hyperref/pd1enc.def)
(d:/texlive/2026/texmf-dist/tex/generic/intcalc/intcalc.sty)
(d:/texlive/2026/texmf-dist/tex/latex/hyperref/puenc.def)
(d:/texlive/2026/texmf-dist/tex/latex/url/url.sty)
(d:/texlive/2026/texmf-dist/tex/generic/bitset/bitset.sty
(d:/texlive/2026/texmf-dist/tex/generic/bigintcalc/bigintcalc.sty)))
(d:/texlive/2026/texmf-dist/tex/latex/hyperref/hpdftex.def
(d:/texlive/2026/texmf-dist/tex/latex/rerunfilecheck/rerunfilecheck.sty
(d:/texlive/2026/texmf-dist/tex/generic/uniquecounter/uniquecounter.sty)))
(d:/texlive/2026/texmf-dist/tex/latex/graphics/graphicx.sty
(d:/texlive/2026/texmf-dist/tex/latex/graphics/graphics.sty
(d:/texlive/2026/texmf-dist/tex/latex/graphics/trig.sty)
(d:/texlive/2026/texmf-dist/tex/latex/graphics-cfg/graphics.cfg)))
(d:/texlive/2026/texmf-dist/tex/latex/booktabs/booktabs.sty)
(d:/texlive/2026/texmf-dist/tex/latex/tools/array.sty)
(d:/texlive/2026/texmf-dist/tex/latex/amsmath/amsmath.sty
For additional information on amsmath, use the `?' option.
(d:/texlive/2026/texmf-dist/tex/latex/amsmath/amstext.sty
(d:/texlive/2026/texmf-dist/tex/latex/amsmath/amsgen.sty))
(d:/texlive/2026/texmf-dist/tex/latex/amsmath/amsbsy.sty)
(d:/texlive/2026/texmf-dist/tex/latex/amsmath/amsopn.sty))
(d:/texlive/2026/texmf-dist/tex/latex/amsfonts/amssymb.sty
(d:/texlive/2026/texmf-dist/tex/latex/amsfonts/amsfonts.sty))
(d:/texlive/2026/texmf-dist/tex/latex/psnfss/ot1ptm.fd)
(d:/texlive/2026/texmf-dist/tex/latex/l3backend/l3backend-pdftex.def)
(./main.aux) (d:/texlive/2026/texmf-dist/tex/context/base/mkii/supp-pdf.mkii
[Loading MPS to PDF converter (version 2006.09.02).]
) (d:/texlive/2026/texmf-dist/tex/latex/epstopdf-pkg/epstopdf-base.sty
(d:/texlive/2026/texmf-dist/tex/latex/latexconfig/epstopdf-sys.cfg))
(./main.out) (./main.out)
(d:/texlive/2026/texmf-dist/tex/latex/amsfonts/umsa.fd)
(d:/texlive/2026/texmf-dist/tex/latex/amsfonts/umsb.fd) (./sec_intro.tex

Package natbib Warning: Citation `bird2021' on page 1 undefined on input line 1
1.

(d:/texlive/2026/texmf-dist/tex/latex/psnfss/ot1pcr.fd)
(d:/texlive/2026/texmf-dist/tex/latex/psnfss/ts1ptm.fd) [1{d:/texlive/2026/texm
f-var/fonts/map/pdftex/updmap/pdftex.map}{d:/texlive/2026/texmf-dist/fonts/enc/
dvips/base/8r.enc}]

LaTeX Warning: Reference `sec:boundary' on page 2 undefined on input line 86.

) (./sec_related.tex

Package natbib Warning: Citation `tthe2026' on page 2 undefined on input line 4
.


Package natbib Warning: Citation `selfharness2026' on page 2 undefined on input
 line 4.


Package natbib Warning: Citation `jitagent2026' on page 2 undefined on input li
ne 5.


Package natbib Warning: Citation `coevolve2026' on page 2 undefined on input li
ne 7.


Package natbib Warning: Citation `harnesslens2026' on page 2 undefined on input
 line 9.


Package natbib Warning: Citation `harnessfix2026' on page 2 undefined on input 
line 10.


Package natbib Warning: Citation `ahe2026' on page 2 undefined on input line 11
.


Package natbib Warning: Citation `gatedqd2026' on page 2 undefined on input lin
e 13.


Package natbib Warning: Citation `handbook2026' on page 2 undefined on input li
ne 15.

[2]

Package natbib Warning: Citation `gatedqd2026' on page 3 undefined on input lin
e 22.


Overfull \hbox (15.06163pt too wide) in paragraph at lines 32--47
 [][] 

Package natbib Warning: Citation `nouniversal2026' on page 3 undefined on input
 line 53.


Package natbib Warning: Citation `nonmonotone2026' on page 3 undefined on input
 line 54.


Package natbib Warning: Citation `helix2026' on page 3 undefined on input line 
55.


Package natbib Warning: Citation `sts2026' on page 3 undefined on input line 57
.


Package natbib Warning: Citation `grasp2026' on page 3 undefined on input line 
58.


Package natbib Warning: Citation `cfrouting2026' on page 3 undefined on input l
ine 59.

(d:/texlive/2026/texmf-dist/tex/latex/psnfss/omsptm.fd)

Package natbib Warning: Citation `agenticrouting2026' on page 3 undefined on in
put line 60.


Package natbib Warning: Citation `helix2026' on page 3 undefined on input line 
62.

) (./sec_phase1.tex

LaTeX Warning: Reference `app:phase1-provenance' on page 3 undefined on input l
ine 6.


Underfull \vbox (badness 7468) has occurred while \output is active [3]
[4]

LaTeX Warning: Reference `app:phase1-provenance' on page 5 undefined on input l
ine 115.

) (./sec_phase2.tex

LaTeX Warning: Reference `app:phase2-protocol' on page 5 undefined on input lin
e 5.

[5 <./figures/fig_phenomenon.pdf>]

LaTeX Warning: Reference `app:phase2-protocol' on page 6 undefined on input lin
e 103.

) [6] (./sec_results.tex

LaTeX Warning: Reference `fig:results' on page 7 undefined on input line 33.


LaTeX Warning: Reference `fig:results' on page 7 undefined on input line 33.

[7 <./figures/fig_design.pdf>]

LaTeX Warning: Reference `tab:decomp' on page 8 undefined on input line 109.

! Misplaced \noalign.
\midrule ->\noalign 
                    {\ifnum 0=`}\fi \@aboverulesep =\aboverulesep \global \@...
l.124 \midrule
              
! Missing } inserted.
<inserted text> 
                }
l.125 A
        free/ungated  & 6.8 & .653 & .658 & .676 & .761 & .086 \
! Missing \endgroup inserted.
<inserted text> 
                \endgroup 
l.125 A
        free/ungated  & 6.8 & .653 & .658 & .676 & .761 & .086 \
! Missing } inserted.
<inserted text> 
                }
l.125 A
        free/ungated  & 6.8 & .653 & .658 & .676 & .761 & .086 \
! Missing \cr inserted.
<inserted text> 
                \cr 
l.125 A
        free/ungated  & 6.8 & .653 & .658 & .676 & .761 & .086 \
! Missing } inserted.
<inserted text> 
                }
l.125 A
        free/ungated  & 6.8 & .653 & .658 & .676 & .761 & .086 \
! Missing \cr inserted.
<inserted text> 
                \cr 
l.125 A
        free/ungated  & 6.8 & .653 & .658 & .676 & .761 & .086 \
! Misplaced \cr.
<inserted text> \cr 
                    
l.125 A
        free/ungated  & 6.8 & .653 & .658 & .676 & .761 & .086 \
! Missing \cr inserted.
<inserted text> 
                \cr 
l.125 A
        free/ungated  & 6.8 & .653 & .658 & .676 & .761 & .086 \
! Misplaced \cr.
<inserted text> \cr 
                    
l.125 A
        free/ungated  & 6.8 & .653 & .658 & .676 & .761 & .086 \
! Missing \cr inserted.
<inserted text> 
                \cr 
l.125 A
        free/ungated  & 6.8 & .653 & .658 & .676 & .761 & .086 \
! Misplaced \cr.
<inserted text> \cr 
                    
l.125 A
        free/ungated  & 6.8 & .653 & .658 & .676 & .761 & .086 \
! Missing \cr inserted.
<inserted text> 
                \cr 
l.125 A
        free/ungated  & 6.8 & .653 & .658 & .676 & .761 & .086 \
! Misplaced \cr.
<inserted text> \cr 
                    
l.125 A
        free/ungated  & 6.8 & .653 & .658 & .676 & .761 & .086 \
! Missing \cr inserted.
<inserted text> 
                \cr 
l.125 A
        free/ungated  & 6.8 & .653 & .658 & .676 & .761 & .086 \
! Misplaced \cr.
<inserted text> \cr 
                    
l.125 A
        free/ungated  & 6.8 & .653 & .658 & .676 & .761 & .086 \
! Missing \cr inserted.
<inserted text> 
                \cr 
l.125 A
        free/ungated  & 6.8 & .653 & .658 & .676 & .761 & .086 \
! Misplaced \cr.
<inserted text> \cr 
                    
l.125 A
        free/ungated  & 6.8 & .653 & .658 & .676 & .761 & .086 \
! Missing \cr inserted.
<inserted text> 
                \cr 
l.125 A
        free/ungated  & 6.8 & .653 & .658 & .676 & .761 & .086 \
! Misplaced \cr.
<inserted text> \cr 
                    
l.125 A
        free/ungated  & 6.8 & .653 & .658 & .676 & .761 & .086 \
! Missing \cr inserted.
<inserted text> 
                \cr 
l.125 A
        free/ungated  & 6.8 & .653 & .658 & .676 & .761 & .086 \
! Misplaced \cr.
<inserted text> \cr 
                    
l.125 A
        free/ungated  & 6.8 & .653 & .658 & .676 & .761 & .086 \
! Missing \cr inserted.
<inserted text> 
                \cr 
l.125 A
        free/ungated  & 6.8 & .653 & .658 & .676 & .761 & .086 \
! Misplaced \cr.
<inserted text> \cr 
                    
l.125 A
        free/ungated  & 6.8 & .653 & .658 & .676 & .761 & .086 \
! Missing \cr inserted.
<inserted text> 
                \cr 
l.125 A
        free/ungated  & 6.8 & .653 & .658 & .676 & .761 & .086 \
! Misplaced \cr.
<inserted text> \cr 
                    
l.125 A
        free/ungated  & 6.8 & .653 & .658 & .676 & .761 & .086 \
! Missing \cr inserted.
<inserted text> 
                \cr 
l.125 A
        free/ungated  & 6.8 & .653 & .658 & .676 & .761 & .086 \
! Misplaced \cr.
<inserted text> \cr 
                    
l.125 A
        free/ungated  & 6.8 & .653 & .658 & .676 & .761 & .086 \
! Missing \cr inserted.
<inserted text> 
                \cr 
l.125 A
        free/ungated  & 6.8 & .653 & .658 & .676 & .761 & .086 \
! Misplaced \cr.
<inserted text> \cr 
                    
l.125 A
        free/ungated  & 6.8 & .653 & .658 & .676 & .761 & .086 \
! Missing \cr inserted.
<inserted text> 
                \cr 
l.125 A
        free/ungated  & 6.8 & .653 & .658 & .676 & .761 & .086 \
! Misplaced \cr.
<inserted text> \cr 
                    
l.125 A
        free/ungated  & 6.8 & .653 & .658 & .676 & .761 & .086 \
! Missing \cr inserted.
<inserted text> 
                \cr 
l.125 A
        free/ungated  & 6.8 & .653 & .658 & .676 & .761 & .086 \
! Misplaced \cr.
<inserted text> \cr 
                    
l.125 A
        free/ungated  & 6.8 & .653 & .658 & .676 & .761 & .086 \
! Missing \cr inserted.
<inserted text> 
                \cr 
l.125 A
        free/ungated  & 6.8 & .653 & .658 & .676 & .761 & .086 \
! Misplaced \cr.
<inserted text> \cr 
                    
l.125 A
        free/ungated  & 6.8 & .653 & .658 & .676 & .761 & .086 \
! Missing \cr inserted.
<inserted text> 
                \cr 
l.125 A
        free/ungated  & 6.8 & .653 & .658 & .676 & .761 & .086 \
! Misplaced \cr.
<inserted text> \cr 
                    
l.125 A
        free/ungated  & 6.8 & .653 & .658 & .676 & .761 & .086 \
! Missing \cr inserted.
<inserted text> 
                \cr 
l.125 A
        free/ungated  & 6.8 & .653 & .658 & .676 & .761 & .086 \
! Misplaced \cr.
<inserted text> \cr 
                    
l.125 A
        free/ungated  & 6.8 & .653 & .658 & .676 & .761 & .086 \
! Missing \cr inserted.
<inserted text> 
                \cr 
l.125 A
        free/ungated  & 6.8 & .653 & .658 & .676 & .761 & .086 \
! Misplaced \cr.
<inserted text> \cr 
                    
l.125 A
        free/ungated  & 6.8 & .653 & .658 & .676 & .761 & .086 \
! Missing \cr inserted.
<inserted text> 
                \cr 
l.125 A
        free/ungated  & 6.8 & .653 & .658 & .676 & .761 & .086 \
! Misplaced \cr.
<inserted text> \cr 
                    
l.125 A
        free/ungated  & 6.8 & .653 & .658 & .676 & .761 & .086 \
! Missing \cr inserted.
<inserted text> 
                \cr 
l.125 A
        free/ungated  & 6.8 & .653 & .658 & .676 & .761 & .086 \
! Misplaced \cr.
<inserted text> \cr 
                    
l.125 A
        free/ungated  & 6.8 & .653 & .658 & .676 & .761 & .086 \
! Missing \cr inserted.
<inserted text> 
                \cr 
l.125 A
        free/ungated  & 6.8 & .653 & .658 & .676 & .761 & .086 \
! Misplaced \cr.
<inserted text> \cr 
                    
l.125 A
        free/ungated  & 6.8 & .653 & .658 & .676 & .761 & .086 \
! Missing \cr inserted.
<inserted text> 
                \cr 
l.125 A
        free/ungated  & 6.8 & .653 & .658 & .676 & .761 & .086 \
! Misplaced \cr.
<inserted text> \cr 
                    
l.125 A
        free/ungated  & 6.8 & .653 & .658 & .676 & .761 & .086 \
! Missing \cr inserted.
<inserted text> 
                \cr 
l.125 A
        free/ungated  & 6.8 & .653 & .658 & .676 & .761 & .086 \
! Misplaced \cr.
<inserted text> \cr 
                    
l.125 A
        free/ungated  & 6.8 & .653 & .658 & .676 & .761 & .086 \
! Missing \cr inserted.
<inserted text> 
                \cr 
l.125 A
        free/ungated  & 6.8 & .653 & .658 & .676 & .761 & .086 \
! Misplaced \cr.
<inserted text> \cr 
                    
l.125 A
        free/ungated  & 6.8 & .653 & .658 & .676 & .761 & .086 \
! Missing \cr inserted.
<inserted text> 
                \cr 
l.125 A
        free/ungated  & 6.8 & .653 & .658 & .676 & .761 & .086 \
! Misplaced \cr.
<inserted text> \cr 
                    
l.125 A
        free/ungated  & 6.8 & .653 & .658 & .676 & .761 & .086 \
! Missing \cr inserted.
<inserted text> 
                \cr 
l.125 A
        free/ungated  & 6.8 & .653 & .658 & .676 & .761 & .086 \
! Misplaced \cr.
<inserted text> \cr 
                    
l.125 A
        free/ungated  & 6.8 & .653 & .658 & .676 & .761 & .086 \
! Missing \cr inserted.
<inserted text> 
                \cr 
l.125 A
        free/ungated  & 6.8 & .653 & .658 & .676 & .761 & .086 \
! Misplaced \cr.
<inserted text> \cr 
                    
l.125 A
        free/ungated  & 6.8 & .653 & .658 & .676 & .761 & .086 \
! Missing \cr inserted.
<inserted text> 
                \cr 
l.125 A
        free/ungated  & 6.8 & .653 & .658 & .676 & .761 & .086 \
! Misplaced \cr.
<inserted text> \cr 
                    
l.125 A
        free/ungated  & 6.8 & .653 & .658 & .676 & .761 & .086 \
! Missing \cr inserted.
<inserted text> 
                \cr 
l.125 A
        free/ungated  & 6.8 & .653 & .658 & .676 & .761 & .086 \
! Misplaced \cr.
<inserted text> \cr 
                    
l.125 A
        free/ungated  & 6.8 & .653 & .658 & .676 & .761 & .086 \
! Missing \cr inserted.
<inserted text> 
                \cr 
l.125 A
        free/ungated  & 6.8 & .653 & .658 & .676 & .761 & .086 \
! Misplaced \cr.
<inserted text> \cr 
                    
l.125 A
        free/ungated  & 6.8 & .653 & .658 & .676 & .761 & .086 \
! Missing \cr inserted.
<inserted text> 
                \cr 
l.125 A
        free/ungated  & 6.8 & .653 & .658 & .676 & .761 & .086 \
! Misplaced \cr.
<inserted text> \cr 
                    
l.125 A
        free/ungated  & 6.8 & .653 & .658 & .676 & .761 & .086 \
! Missing \cr inserted.
<inserted text> 
                \cr 
l.125 A
        free/ungated  & 6.8 & .653 & .658 & .676 & .761 & .086 \
! Misplaced \cr.
<inserted text> \cr 
                    
l.125 A
        free/ungated  & 6.8 & .653 & .658 & .676 & .761 & .086 \
! Missing \cr inserted.
<inserted text> 
                \cr 
l.125 A
        free/ungated  & 6.8 & .653 & .658 & .676 & .761 & .086 \
! Misplaced \cr.
<inserted text> \cr 
                    
l.125 A
        free/ungated  & 6.8 & .653 & .658 & .676 & .761 & .086 \
! Missing \cr inserted.
<inserted text> 
                \cr 
l.125 A
        free/ungated  & 6.8 & .653 & .658 & .676 & .761 & .086 \
! Misplaced \cr.
<inserted text> \cr 
                    
l.125 A
        free/ungated  & 6.8 & .653 & .658 & .676 & .761 & .086 \
! Missing \cr inserted.
<inserted text> 
                \cr 
l.125 A
        free/ungated  & 6.8 & .653 & .658 & .676 & .761 & .086 \
! Misplaced \cr.
<inserted text> \cr 
                    
l.125 A
        free/ungated  & 6.8 & .653 & .658 & .676 & .761 & .086 \
! Missing \cr inserted.
<inserted text> 
                \cr 
l.125 A
        free/ungated  & 6.8 & .653 & .658 & .676 & .761 & .086 \
! Misplaced \cr.
<inserted text> \cr 
                    
l.125 A
        free/ungated  & 6.8 & .653 & .658 & .676 & .761 & .086 \
! Missing \cr inserted.
<inserted text> 
                \cr 
l.125 A
        free/ungated  & 6.8 & .653 & .658 & .676 & .761 & .086 \
! Misplaced \cr.
<inserted text> \cr 
                    
l.125 A
        free/ungated  & 6.8 & .653 & .658 & .676 & .761 & .086 \
! Missing \cr inserted.
<inserted text> 
                \cr 
l.125 A
        free/ungated  & 6.8 & .653 & .658 & .676 & .761 & .086 \
! Misplaced \cr.
<inserted text> \cr 
                    
l.125 A
        free/ungated  & 6.8 & .653 & .658 & .676 & .761 & .086 \
! Missing \cr inserted.
<inserted text> 
                \cr 
l.125 A
        free/ungated  & 6.8 & .653 & .658 & .676 & .761 & .086 \
! Misplaced \cr.
<inserted text> \cr 
                    
l.125 A
        free/ungated  & 6.8 & .653 & .658 & .676 & .761 & .086 \
! Missing \cr inserted.
<inserted text> 
                \cr 
l.125 A
        free/ungated  & 6.8 & .653 & .658 & .676 & .761 & .086 \
! Misplaced \cr.
<inserted text> \cr 
                    
l.125 A
        free/ungated  & 6.8 & .653 & .658 & .676 & .761 & .086 \
! Missing \cr inserted.
<inserted text> 
                \cr 
l.125 A
        free/ungated  & 6.8 & .653 & .658 & .676 & .761 & .086 \
! Misplaced \cr.
<inserted text> \cr 
                    
l.125 A
        free/ungated  & 6.8 & .653 & .658 & .676 & .761 & .086 \
! Missing \cr inserted.
<inserted text> 
                \cr 
l.125 A
        free/ungated  & 6.8 & .653 & .658 & .676 & .761 & .086 \
! Misplaced \cr.
<inserted text> \cr 
                    
l.125 A
        free/ungated  & 6.8 & .653 & .658 & .676 & .761 & .086 \
! Missing \cr inserted.
<inserted text> 
                \cr 
l.125 A
        free/ungated  & 6.8 & .653 & .658 & .676 & .761 & .086 \
! Misplaced \cr.
<inserted text> \cr 
                    
l.125 A
        free/ungated  & 6.8 & .653 & .658 & .676 & .761 & .086 \
! Missing \cr inserted.
<inserted text> 
                \cr 
l.125 A
        free/ungated  & 6.8 & .653 & .658 & .676 & .761 & .086 \
! Misplaced \cr.
<inserted text> \cr 
                    
l.125 A
        free/ungated  & 6.8 & .653 & .658 & .676 & .761 & .086 \
! Missing \cr inserted.
<inserted text> 
                \cr 
l.125 A
        free/ungated  & 6.8 & .653 & .658 & .676 & .761 & .086 \
! Misplaced \cr.
<inserted text> \cr 
                    
l.125 A
        free/ungated  & 6.8 & .653 & .658 & .676 & .761 & .086 \
! Missing \cr inserted.
<inserted text> 
                \cr 
l.125 A
        free/ungated  & 6.8 & .653 & .658 & .676 & .761 & .086 \
! Misplaced \cr.
<inserted text> \cr 
                    
l.125 A
        free/ungated  & 6.8 & .653 & .658 & .676 & .761 & .086 \
! Missing \cr inserted.
<inserted text> 
                \cr 
l.125 A
        free/ungated  & 6.8 & .653 & .658 & .676 & .761 & .086 \
! Misplaced \cr.
<inserted text> \cr 
                    
l.125 A
        free/ungated  & 6.8 & .653 & .658 & .676 & .761 & .086 \
(That makes 100 errors; please try again.)
!  ==> Fatal error occurred, no output PDF file produced!
Transcript written on main.log.
